Serial_Driver.c:236:6:fvdRxInterruptHandler	16	static
Serial_Driver.c:331:6:fvdTxInterruptHandler	8	static
Serial_Driver.c:170:6:fvdSerialChannelISR	24	static
Serial_Driver.c:421:26:pstCreateSerialChannel	32	static
Serial_Driver.c:547:6:fvdEnableSerialChInterrupts	8	static
Serial_Driver.c:586:6:fchGetChar	16	static
Serial_Driver.c:657:9:fuinPutChar	16	static
Serial_Driver.c:726:10:fuinGetAllChars	24	static
Serial_Driver.c:758:10:fuinReceivedChars	0	static
Serial_Driver.c:783:11:fboPrintString	16	static
