main.c:106:5:main	8	static
main.c:175:6:readJoysticks	24	static
main.c:191:6:debounce	56	dynamic
main.c:216:6:StateMachine	32	static
main.c:268:7:setAllLedOff	8	static
main.c:273:7:setLeftLedOn	8	static
main.c:278:6:setRightLedOn	8	static
main.c:284:6:readJoysticks2	48	static
main.c:347:6:WriteLED	24	static
main.c:379:6:StateMachine2	32	static
main.c:431:7:setAllLedOff2	8	static
main.c:436:7:setLeftLedOn2	8	static
main.c:441:6:setRightLedOn2	8	static
main.c:446:6:debounce2	56	dynamic
main.c:476:6:SystemClock_Config	88	static
main.c:520:13:MX_I2C1_Init	8	static
main.c:554:13:MX_USART2_UART_Init	8	static
main.c:587:13:MX_GPIO_Init	56	static
main.c:716:6:Error_Handler	4	static,ignoring_inline_asm
