main.c:161:5:main	8	static
main.c:276:6:SystemClock_Config	104	static
main.c:328:13:MX_ADC1_Init	24	static
main.c:378:13:MX_I2C1_Init	8	static
main.c:412:13:MX_I2S3_Init	8	static
main.c:446:13:MX_SPI1_Init	8	static
main.c:484:13:MX_TIM7_Init	16	static
main.c:522:13:MX_USART2_UART_Init	8	static
main.c:555:13:MX_USART3_UART_Init	8	static
main.c:586:13:MX_DMA_Init	16	static
main.c:604:13:MX_GPIO_Init	56	static
main.c:706:6:fvdMyTask01	24	static
main.c:739:6:fvdMyTask02	16	static
main.c:760:6:fvdMyTask03	16	static
main.c:778:6:fvdMyTask04	16	static
main.c:797:6:HAL_TIM_PeriodElapsedCallback	16	static
main.c:814:6:Error_Handler	4	static,ignoring_inline_asm
