Archive member included to satisfy reference by file (symbol)

c:/st/stm32cubeide_1.5.1/stm32cubeide/plugins/com.st.stm32cube.ide.mcu.externaltools.gnu-tools-for-stm32.9-2020-q2-update.win32_1.5.0.202011040924/tools/bin/../lib/gcc/arm-none-eabi/9.3.1/../../../../arm-none-eabi/lib/thumb/v7e-m+fp/hard\libc_nano.a(lib_a-errno.o)
                              Core/Src/syscalls.o (__errno)
c:/st/stm32cubeide_1.5.1/stm32cubeide/plugins/com.st.stm32cube.ide.mcu.externaltools.gnu-tools-for-stm32.9-2020-q2-update.win32_1.5.0.202011040924/tools/bin/../lib/gcc/arm-none-eabi/9.3.1/../../../../arm-none-eabi/lib/thumb/v7e-m+fp/hard\libc_nano.a(lib_a-exit.o)
                              c:/st/stm32cubeide_1.5.1/stm32cubeide/plugins/com.st.stm32cube.ide.mcu.externaltools.gnu-tools-for-stm32.9-2020-q2-update.win32_1.5.0.202011040924/tools/bin/../lib/gcc/arm-none-eabi/9.3.1/../../../../arm-none-eabi/lib/thumb/v7e-m+fp/hard/crt0.o (exit)
c:/st/stm32cubeide_1.5.1/stm32cubeide/plugins/com.st.stm32cube.ide.mcu.externaltools.gnu-tools-for-stm32.9-2020-q2-update.win32_1.5.0.202011040924/tools/bin/../lib/gcc/arm-none-eabi/9.3.1/../../../../arm-none-eabi/lib/thumb/v7e-m+fp/hard\libc_nano.a(lib_a-impure.o)
                              c:/st/stm32cubeide_1.5.1/stm32cubeide/plugins/com.st.stm32cube.ide.mcu.externaltools.gnu-tools-for-stm32.9-2020-q2-update.win32_1.5.0.202011040924/tools/bin/../lib/gcc/arm-none-eabi/9.3.1/../../../../arm-none-eabi/lib/thumb/v7e-m+fp/hard\libc_nano.a(lib_a-exit.o) (_global_impure_ptr)
c:/st/stm32cubeide_1.5.1/stm32cubeide/plugins/com.st.stm32cube.ide.mcu.externaltools.gnu-tools-for-stm32.9-2020-q2-update.win32_1.5.0.202011040924/tools/bin/../lib/gcc/arm-none-eabi/9.3.1/../../../../arm-none-eabi/lib/thumb/v7e-m+fp/hard\libc_nano.a(lib_a-init.o)
                              c:/st/stm32cubeide_1.5.1/stm32cubeide/plugins/com.st.stm32cube.ide.mcu.externaltools.gnu-tools-for-stm32.9-2020-q2-update.win32_1.5.0.202011040924/tools/bin/../lib/gcc/arm-none-eabi/9.3.1/../../../../arm-none-eabi/lib/thumb/v7e-m+fp/hard/crt0.o (__libc_init_array)
c:/st/stm32cubeide_1.5.1/stm32cubeide/plugins/com.st.stm32cube.ide.mcu.externaltools.gnu-tools-for-stm32.9-2020-q2-update.win32_1.5.0.202011040924/tools/bin/../lib/gcc/arm-none-eabi/9.3.1/../../../../arm-none-eabi/lib/thumb/v7e-m+fp/hard\libc_nano.a(lib_a-malloc.o)
                              Middlewares/ST/STM32_USB_Host_Library/Class/CDC/Src/usbh_cdc.o (malloc)
c:/st/stm32cubeide_1.5.1/stm32cubeide/plugins/com.st.stm32cube.ide.mcu.externaltools.gnu-tools-for-stm32.9-2020-q2-update.win32_1.5.0.202011040924/tools/bin/../lib/gcc/arm-none-eabi/9.3.1/../../../../arm-none-eabi/lib/thumb/v7e-m+fp/hard\libc_nano.a(lib_a-memset.o)
                              c:/st/stm32cubeide_1.5.1/stm32cubeide/plugins/com.st.stm32cube.ide.mcu.externaltools.gnu-tools-for-stm32.9-2020-q2-update.win32_1.5.0.202011040924/tools/bin/../lib/gcc/arm-none-eabi/9.3.1/../../../../arm-none-eabi/lib/thumb/v7e-m+fp/hard/crt0.o (memset)
c:/st/stm32cubeide_1.5.1/stm32cubeide/plugins/com.st.stm32cube.ide.mcu.externaltools.gnu-tools-for-stm32.9-2020-q2-update.win32_1.5.0.202011040924/tools/bin/../lib/gcc/arm-none-eabi/9.3.1/../../../../arm-none-eabi/lib/thumb/v7e-m+fp/hard\libc_nano.a(lib_a-nano-freer.o)
                              c:/st/stm32cubeide_1.5.1/stm32cubeide/plugins/com.st.stm32cube.ide.mcu.externaltools.gnu-tools-for-stm32.9-2020-q2-update.win32_1.5.0.202011040924/tools/bin/../lib/gcc/arm-none-eabi/9.3.1/../../../../arm-none-eabi/lib/thumb/v7e-m+fp/hard\libc_nano.a(lib_a-malloc.o) (_free_r)
c:/st/stm32cubeide_1.5.1/stm32cubeide/plugins/com.st.stm32cube.ide.mcu.externaltools.gnu-tools-for-stm32.9-2020-q2-update.win32_1.5.0.202011040924/tools/bin/../lib/gcc/arm-none-eabi/9.3.1/../../../../arm-none-eabi/lib/thumb/v7e-m+fp/hard\libc_nano.a(lib_a-nano-mallocr.o)
                              c:/st/stm32cubeide_1.5.1/stm32cubeide/plugins/com.st.stm32cube.ide.mcu.externaltools.gnu-tools-for-stm32.9-2020-q2-update.win32_1.5.0.202011040924/tools/bin/../lib/gcc/arm-none-eabi/9.3.1/../../../../arm-none-eabi/lib/thumb/v7e-m+fp/hard\libc_nano.a(lib_a-malloc.o) (_malloc_r)
c:/st/stm32cubeide_1.5.1/stm32cubeide/plugins/com.st.stm32cube.ide.mcu.externaltools.gnu-tools-for-stm32.9-2020-q2-update.win32_1.5.0.202011040924/tools/bin/../lib/gcc/arm-none-eabi/9.3.1/../../../../arm-none-eabi/lib/thumb/v7e-m+fp/hard\libc_nano.a(lib_a-sbrkr.o)
                              c:/st/stm32cubeide_1.5.1/stm32cubeide/plugins/com.st.stm32cube.ide.mcu.externaltools.gnu-tools-for-stm32.9-2020-q2-update.win32_1.5.0.202011040924/tools/bin/../lib/gcc/arm-none-eabi/9.3.1/../../../../arm-none-eabi/lib/thumb/v7e-m+fp/hard\libc_nano.a(lib_a-nano-mallocr.o) (_sbrk_r)
c:/st/stm32cubeide_1.5.1/stm32cubeide/plugins/com.st.stm32cube.ide.mcu.externaltools.gnu-tools-for-stm32.9-2020-q2-update.win32_1.5.0.202011040924/tools/bin/../lib/gcc/arm-none-eabi/9.3.1/../../../../arm-none-eabi/lib/thumb/v7e-m+fp/hard\libc_nano.a(lib_a-mlock.o)
[...]
Memory Configuration

Name             Origin             Length             Attributes
CCMRAM           0x0000000010000000 0x0000000000010000 xrw
RAM              0x0000000020000000 0x0000000000020000 xrw
FLASH            0x0000000008000000 0x0000000000100000 xr
*default*        0x0000000000000000 0xffffffffffffffff

Linker script and memory map

LOAD c:/st/stm32cubeide_1.5.1/stm32cubeide/plugins/com.st.stm32cube.ide.mcu.externaltools.gnu-tools-for-stm32.9-2020-q2-update.win32_1.5.0.202011040924/tools/bin/../lib/gcc/arm-none-eabi/9.3.1/thumb/v7e-m+fp/hard/crti.o
LOAD c:/st/stm32cubeide_1.5.1/stm32cubeide/plugins/com.st.stm32cube.ide.mcu.externaltools.gnu-tools-for-stm32.9-2020-q2-update.win32_1.5.0.202011040924/tools/bin/../lib/gcc/arm-none-eabi/9.3.1/thumb/v7e-m+fp/hard/crtbegin.o
LOAD c:/st/stm32cubeide_1.5.1/stm32cubeide/plugins/com.st.stm32cube.ide.mcu.externaltools.gnu-tools-for-stm32.9-2020-q2-update.win32_1.5.0.202011040924/tools/bin/../lib/gcc/arm-none-eabi/9.3.1/../../../../arm-none-eabi/lib/thumb/v7e-m+fp/hard/crt0.o
LOAD Core/Src/colton.o
LOAD Core/Src/main.o
LOAD Core/Src/stm32f4xx_hal_msp.o
LOAD Core/Src/stm32f4xx_it.o
LOAD Core/Src/syscalls.o
LOAD Core/Src/sysmem.o
LOAD Core/Src/system_stm32f4xx.o
LOAD Core/Startup/startup_stm32f407vgtx.o
LOAD Drivers/STM32F4xx_HAL_Driver/Src/stm32f4xx_hal.o
LOAD Drivers/STM32F4xx_HAL_Driver/Src/stm32f4xx_hal_cortex.o
LOAD Drivers/STM32F4xx_HAL_Driver/Src/stm32f4xx_hal_dma.o
LOAD Drivers/STM32F4xx_HAL_Driver/Src/stm32f4xx_hal_dma_ex.o
LOAD Drivers/STM32F4xx_HAL_Driver/Src/stm32f4xx_hal_exti.o
LOAD Drivers/STM32F4xx_HAL_Driver/Src/stm32f4xx_hal_flash.o
LOAD Drivers/STM32F4xx_HAL_Driver/Src/stm32f4xx_hal_flash_ex.o
LOAD Drivers/STM32F4xx_HAL_Driver/Src/stm32f4xx_hal_flash_ramfunc.o
LOAD Drivers/STM32F4xx_HAL_Driver/Src/stm32f4xx_hal_gpio.o
LOAD Drivers/STM32F4xx_HAL_Driver/Src/stm32f4xx_hal_hcd.o
LOAD Drivers/STM32F4xx_HAL_Driver/Src/stm32f4xx_hal_i2c.o
LOAD Drivers/STM32F4xx_HAL_Driver/Src/stm32f4xx_hal_i2c_ex.o
LOAD Drivers/STM32F4xx_HAL_Driver/Src/stm32f4xx_hal_pwr.o
LOAD Drivers/STM32F4xx_HAL_Driver/Src/stm32f4xx_hal_pwr_ex.o
LOAD Drivers/STM32F4xx_HAL_Driver/Src/stm32f4xx_hal_rcc.o
LOAD Drivers/STM32F4xx_HAL_Driver/Src/stm32f4xx_hal_rcc_ex.o
LOAD Drivers/STM32F4xx_HAL_Driver/Src/stm32f4xx_hal_tim.o
LOAD Drivers/STM32F4xx_HAL_Driver/Src/stm32f4xx_hal_tim_ex.o
LOAD Drivers/STM32F4xx_HAL_Driver/Src/stm32f4xx_hal_uart.o
LOAD Drivers/STM32F4xx_HAL_Driver/Src/stm32f4xx_ll_usb.o
LOAD Middlewares/ST/STM32_USB_Host_Library/Class/CDC/Src/usbh_cdc.o
LOAD Middlewares/ST/STM32_USB_Host_Library/Core/Src/usbh_core.o
LOAD Middlewares/ST/STM32_USB_Host_Library/Core/Src/usbh_ctlreq.o
LOAD Middlewares/ST/STM32_USB_Host_Library/Core/Src/usbh_ioreq.o
LOAD Middlewares/ST/STM32_USB_Host_Library/Core/Src/usbh_pipes.o
LOAD USB_HOST/App/usb_host.o
LOAD USB_HOST/Target/usbh_conf.o
LOAD USB_HOST/Target/usbh_platform.o
START GROUP
LOAD c:/st/stm32cubeide_1.5.1/stm32cubeide/plugins/com.st.stm32cube.ide.mcu.externaltools.gnu-tools-for-stm32.9-2020-q2-update.win32_1.5.0.202011040924/tools/bin/../lib/gcc/arm-none-eabi/9.3.1/../../../../arm-none-eabi/lib/thumb/v7e-m+fp/hard\libc_nano.a
LOAD c:/st/stm32cubeide_1.5.1/stm32cubeide/plugins/com.st.stm32cube.ide.mcu.externaltools.gnu-tools-for-stm32.9-2020-q2-update.win32_1.5.0.202011040924/tools/bin/../lib/gcc/arm-none-eabi/9.3.1/../../../../arm-none-eabi/lib/thumb/v7e-m+fp/hard\libm.a
END GROUP
START GROUP
LOAD c:/st/stm32cubeide_1.5.1/stm32cubeide/plugins/com.st.stm32cube.ide.mcu.externaltools.gnu-tools-for-stm32.9-2020-q2-update.win32_1.5.0.202011040924/tools/bin/../lib/gcc/arm-none-eabi/9.3.1/thumb/v7e-m+fp/hard\libgcc.a
LOAD c:/st/stm32cubeide_1.5.1/stm32cubeide/plugins/com.st.stm32cube.ide.mcu.externaltools.gnu-tools-for-stm32.9-2020-q2-update.win32_1.5.0.202011040924/tools/bin/../lib/gcc/arm-none-eabi/9.3.1/../../../../arm-none-eabi/lib/thumb/v7e-m+fp/hard\libc_nano.a
END GROUP
START GROUP
LOAD c:/st/stm32cubeide_1.5.1/stm32cubeide/plugins/com.st.stm32cube.ide.mcu.externaltools.gnu-tools-for-stm32.9-2020-q2-update.win32_1.5.0.202011040924/tools/bin/../lib/gcc/arm-none-eabi/9.3.1/thumb/v7e-m+fp/hard\libgcc.a
LOAD c:/st/stm32cubeide_1.5.1/stm32cubeide/plugins/com.st.stm32cube.ide.mcu.externaltools.gnu-tools-for-stm32.9-2020-q2-update.win32_1.5.0.202011040924/tools/bin/../lib/gcc/arm-none-eabi/9.3.1/../../../../arm-none-eabi/lib/thumb/v7e-m+fp/hard\libc_nano.a
LOAD c:/st/stm32cubeide_1.5.1/stm32cubeide/plugins/com.st.stm32cube.ide.mcu.externaltools.gnu-tools-for-stm32.9-2020-q2-update.win32_1.5.0.202011040924/tools/bin/../lib/gcc/arm-none-eabi/9.3.1/../../../../arm-none-eabi/lib/thumb/v7e-m+fp/hard\libnosys.a
END GROUP
START GROUP
LOAD c:/st/stm32cubeide_1.5.1/stm32cubeide/plugins/com.st.stm32cube.ide.mcu.externaltools.gnu-tools-for-stm32.9-2020-q2-update.win32_1.5.0.202011040924/tools/bin/../lib/gcc/arm-none-eabi/9.3.1/thumb/v7e-m+fp/hard\libgcc.a
LOAD c:/st/stm32cubeide_1.5.1/stm32cubeide/plugins/com.st.stm32cube.ide.mcu.externaltools.gnu-tools-for-stm32.9-2020-q2-update.win32_1.5.0.202011040924/tools/bin/../lib/gcc/arm-none-eabi/9.3.1/../../../../arm-none-eabi/lib/thumb/v7e-m+fp/hard\libc_nano.a
LOAD c:/st/stm32cubeide_1.5.1/stm32cubeide/plugins/com.st.stm32cube.ide.mcu.externaltools.gnu-tools-for-stm32.9-2020-q2-update.win32_1.5.0.202011040924/tools/bin/../lib/gcc/arm-none-eabi/9.3.1/../../../../arm-none-eabi/lib/thumb/v7e-m+fp/hard\libnosys.a
END GROUP
LOAD c:/st/stm32cubeide_1.5.1/stm32cubeide/plugins/com.st.stm32cube.ide.mcu.externaltools.gnu-tools-for-stm32.9-2020-q2-update.win32_1.5.0.202011040924/tools/bin/../lib/gcc/arm-none-eabi/9.3.1/thumb/v7e-m+fp/hard/crtend.o
LOAD c:/st/stm32cubeide_1.5.1/stm32cubeide/plugins/com.st.stm32cube.ide.mcu.externaltools.gnu-tools-for-stm32.9-2020-q2-update.win32_1.5.0.202011040924/tools/bin/../lib/gcc/arm-none-eabi/9.3.1/thumb/v7e-m+fp/hard/crtn.o
                0x0000000020020000                _estack = (ORIGIN (RAM) + LENGTH (RAM))
                0x0000000000000200                _Min_Heap_Size = 0x200
                0x0000000000000400                _Min_Stack_Size = 0x400

.isr_vector     0x0000000008000000      0x188
                0x0000000008000000                . = ALIGN (0x4)
 *(.isr_vector)
 .isr_vector    0x0000000008000000      0x188 Core/Startup/startup_stm32f407vgtx.o
                0x0000000008000000                g_pfnVectors
                0x0000000008000188                . = ALIGN (0x4)

.text           0x0000000008000188     0x7680
                0x0000000008000188                . = ALIGN (0x4)
 *(.text)
 .text          0x0000000008000188       0x40 c:/st/stm32cubeide_1.5.1/stm32cubeide/plugins/com.st.stm32cube.ide.mcu.externaltools.gnu-tools-for-stm32.9-2020-q2-update.win32_1.5.0.202011040924/tools/bin/../lib/gcc/arm-none-eabi/9.3.1/thumb/v7e-m+fp/hard/crtbegin.o
 .text          0x00000000080001c8       0x30 c:/st/stm32cubeide_1.5.1/stm32cubeide/plugins/com.st.stm32cube.ide.mcu.externaltools.gnu-tools-for-stm32.9-2020-q2-update.win32_1.5.0.202011040924/tools/bin/../lib/gcc/arm-none-eabi/9.3.1/thumb/v7e-m+fp/hard\libgcc.a(_aeabi_uldivmod.o)
                0x00000000080001c8                __aeabi_uldivmod
 .text          0x00000000080001f8      0x2c4 c:/st/stm32cubeide_1.5.1/stm32cubeide/plugins/com.st.stm32cube.ide.mcu.externaltools.gnu-tools-for-stm32.9-2020-q2-update.win32_1.5.0.202011040924/tools/bin/../lib/gcc/arm-none-eabi/9.3.1/thumb/v7e-m+fp/hard\libgcc.a(_udivmoddi4.o)
                0x00000000080001f8                __udivmoddi4
 .text          0x00000000080004bc        0x4 c:/st/stm32cubeide_1.5.1/stm32cubeide/plugins/com.st.stm32cube.ide.mcu.externaltools.gnu-tools-for-stm32.9-2020-q2-update.win32_1.5.0.202011040924/tools/bin/../lib/gcc/arm-none-eabi/9.3.1/thumb/v7e-m+fp/hard\libgcc.a(_dvmd_tls.o)
                0x00000000080004bc                __aeabi_idiv0
                0x00000000080004bc                __aeabi_ldiv0
 *(.text*)
 .text.main     0x00000000080004c0       0x2c Core/Src/main.o
                0x00000000080004c0                main
 .text.readJoysticks
                0x00000000080004ec       0x84 Core/Src/main.o
                0x00000000080004ec                readJoysticks
 .text.debounce
                0x0000000008000570      0x10e Core/Src/main.o
                0x0000000008000570                debounce
 *fill*         0x000000000800067e        0x2 
 .text.WriteLED
                0x0000000008000680       0x84 Core/Src/main.o
                0x0000000008000680                WriteLED
 .text.StateMachine2
                0x0000000008000704      0x11c Core/Src/main.o
                0x0000000008000704                StateMachine2
 .text.setAllLedOff2
                0x0000000008000820       0x18 Core/Src/main.o
                0x0000000008000820                setAllLedOff2
 .text.setLeftLedOn2
                0x0000000008000838       0x18 Core/Src/main.o
                0x0000000008000838                setLeftLedOn2
 .text.setRightLedOn2
                0x0000000008000850       0x18 Core/Src/main.o
                0x0000000008000850                setRightLedOn2
 .text.SystemClock_Config
                0x0000000008000868       0xd4 Core/Src/main.o
                0x0000000008000868                SystemClock_Config
 .text.MX_I2C1_Init
                0x000000000800093c       0x5c Core/Src/main.o
 .text.MX_USART2_UART_Init
                0x0000000008000998       0x54 Core/Src/main.o
 .text.MX_GPIO_Init
                0x00000000080009ec      0x288 Core/Src/main.o
 .text.Error_Handler
                0x0000000008000c74        0xa Core/Src/main.o
                0x0000000008000c74                Error_Handler
 *fill*         0x0000000008000c7e        0x2 
 .text.HAL_MspInit
                0x0000000008000c80       0x50 Core/Src/stm32f4xx_hal_msp.o
                0x0000000008000c80                HAL_MspInit
 .text.HAL_I2C_MspInit
                0x0000000008000cd0       0x90 Core/Src/stm32f4xx_hal_msp.o
                0x0000000008000cd0                HAL_I2C_MspInit
 .text.HAL_UART_MspInit
                0x0000000008000d60       0x90 Core/Src/stm32f4xx_hal_msp.o
                0x0000000008000d60                HAL_UART_MspInit
 .text.NMI_Handler
                0x0000000008000df0        0x6 Core/Src/stm32f4xx_it.o
                0x0000000008000df0                NMI_Handler
 .text.HardFault_Handler
                0x0000000008000df6        0x6 Core/Src/stm32f4xx_it.o
                0x0000000008000df6                HardFault_Handler
 .text.MemManage_Handler
                0x0000000008000dfc        0x6 Core/Src/stm32f4xx_it.o
                0x0000000008000dfc                MemManage_Handler
 .text.BusFault_Handler
                0x0000000008000e02        0x6 Core/Src/stm32f4xx_it.o
                0x0000000008000e02                BusFault_Handler
 .text.UsageFault_Handler
                0x0000000008000e08        0x6 Core/Src/stm32f4xx_it.o
                0x0000000008000e08                UsageFault_Handler
 .text.SVC_Handler
                0x0000000008000e0e        0xe Core/Src/stm32f4xx_it.o
                0x0000000008000e0e                SVC_Handler
 .text.DebugMon_Handler
                0x0000000008000e1c        0xe Core/Src/stm32f4xx_it.o
                0x0000000008000e1c                DebugMon_Handler
 .text.PendSV_Handler
                0x0000000008000e2a        0xe Core/Src/stm32f4xx_it.o
                0x0000000008000e2a                PendSV_Handler
 .text.SysTick_Handler
                0x0000000008000e38        0xc Core/Src/stm32f4xx_it.o
                0x0000000008000e38                SysTick_Handler
 .text.OTG_FS_IRQHandler
                0x0000000008000e44       0x14 Core/Src/stm32f4xx_it.o
                0x0000000008000e44                OTG_FS_IRQHandler
 .text._sbrk    0x0000000008000e58       0x6c Core/Src/sysmem.o
                0x0000000008000e58                _sbrk
 .text.SystemInit
                0x0000000008000ec4       0x2c Core/Src/system_stm32f4xx.o
                0x0000000008000ec4                SystemInit
 .text.Reset_Handler
                0x0000000008000ef0       0x50 Core/Startup/startup_stm32f407vgtx.o
                0x0000000008000ef0                Reset_Handler
 .text.Default_Handler
                0x0000000008000f40        0x2 Core/Startup/startup_stm32f407vgtx.o
                0x0000000008000f40                RTC_Alarm_IRQHandler
                0x0000000008000f40                HASH_RNG_IRQHandler
                0x0000000008000f40                EXTI2_IRQHandler
                0x0000000008000f40                TIM8_CC_IRQHandler
                0x0000000008000f40                TIM1_CC_IRQHandler
                0x0000000008000f40                DMA2_Stream5_IRQHandler
                0x0000000008000f40                DMA1_Stream5_IRQHandler
                0x0000000008000f40                PVD_IRQHandler
                0x0000000008000f40                SDIO_IRQHandler
                0x0000000008000f40                TAMP_STAMP_IRQHandler
                0x0000000008000f40                CAN2_RX1_IRQHandler
                0x0000000008000f40                EXTI3_IRQHandler
                0x0000000008000f40                TIM8_TRG_COM_TIM14_IRQHandler
                0x0000000008000f40                TIM1_UP_TIM10_IRQHandler
                0x0000000008000f40                TIM8_UP_TIM13_IRQHandler
                0x0000000008000f40                I2C3_ER_IRQHandler
                0x0000000008000f40                EXTI0_IRQHandler
                0x0000000008000f40                I2C2_EV_IRQHandler
                0x0000000008000f40                DMA1_Stream2_IRQHandler
                0x0000000008000f40                CAN1_RX0_IRQHandler
                0x0000000008000f40                FPU_IRQHandler
                0x0000000008000f40                OTG_HS_WKUP_IRQHandler
                0x0000000008000f40                CAN2_SCE_IRQHandler
                0x0000000008000f40                DMA2_Stream2_IRQHandler
                0x0000000008000f40                SPI1_IRQHandler
                0x0000000008000f40                TIM6_DAC_IRQHandler
                0x0000000008000f40                TIM1_BRK_TIM9_IRQHandler
                0x0000000008000f40                DCMI_IRQHandler
                0x0000000008000f40                CAN2_RX0_IRQHandler
                0x0000000008000f40                DMA2_Stream3_IRQHandler
                0x0000000008000f40                USART6_IRQHandler
                0x0000000008000f40                USART3_IRQHandler
                0x0000000008000f40                CAN1_RX1_IRQHandler
                0x0000000008000f40                UART5_IRQHandler
                0x0000000008000f40                DMA2_Stream0_IRQHandler
                0x0000000008000f40                TIM4_IRQHandler
                0x0000000008000f40                I2C1_EV_IRQHandler
                0x0000000008000f40                DMA1_Stream6_IRQHandler
                0x0000000008000f40                DMA1_Stream1_IRQHandler
                0x0000000008000f40                UART4_IRQHandler
                0x0000000008000f40                TIM3_IRQHandler
                0x0000000008000f40                RCC_IRQHandler
                0x0000000008000f40                TIM8_BRK_TIM12_IRQHandler
                0x0000000008000f40                Default_Handler
                0x0000000008000f40                EXTI15_10_IRQHandler
                0x0000000008000f40                ADC_IRQHandler
                0x0000000008000f40                DMA1_Stream7_IRQHandler
                0x0000000008000f40                TIM7_IRQHandler
                0x0000000008000f40                CAN2_TX_IRQHandler
                0x0000000008000f40                TIM5_IRQHandler
                0x0000000008000f40                DMA2_Stream7_IRQHandler
                0x0000000008000f40                I2C3_EV_IRQHandler
                0x0000000008000f40                EXTI9_5_IRQHandler
                0x0000000008000f40                RTC_WKUP_IRQHandler
                0x0000000008000f40                ETH_WKUP_IRQHandler
                0x0000000008000f40                SPI2_IRQHandler
                0x0000000008000f40                OTG_HS_EP1_IN_IRQHandler
                0x0000000008000f40                DMA1_Stream0_IRQHandler
                0x0000000008000f40                CAN1_TX_IRQHandler
                0x0000000008000f40                EXTI4_IRQHandler
                0x0000000008000f40                FSMC_IRQHandler
                0x0000000008000f40                ETH_IRQHandler
                0x0000000008000f40                OTG_HS_EP1_OUT_IRQHandler
                0x0000000008000f40                WWDG_IRQHandler
                0x0000000008000f40                TIM2_IRQHandler
                0x0000000008000f40                OTG_FS_WKUP_IRQHandler
                0x0000000008000f40                TIM1_TRG_COM_TIM11_IRQHandler
                0x0000000008000f40                OTG_HS_IRQHandler
                0x0000000008000f40                EXTI1_IRQHandler
                0x0000000008000f40                USART2_IRQHandler
                0x0000000008000f40                I2C2_ER_IRQHandler
                0x0000000008000f40                DMA2_Stream1_IRQHandler
                0x0000000008000f40                CAN1_SCE_IRQHandler
                0x0000000008000f40                FLASH_IRQHandler
                0x0000000008000f40                DMA2_Stream4_IRQHandler
                0x0000000008000f40                USART1_IRQHandler
                0x0000000008000f40                SPI3_IRQHandler
                0x0000000008000f40                DMA1_Stream4_IRQHandler
                0x0000000008000f40                I2C1_ER_IRQHandler
                0x0000000008000f40                DMA2_Stream6_IRQHandler
                0x0000000008000f40                DMA1_Stream3_IRQHandler
 *fill*         0x0000000008000f42        0x2 
 .text.HAL_Init
                0x0000000008000f44       0x44 Drivers/STM32F4xx_HAL_Driver/Src/stm32f4xx_hal.o
                0x0000000008000f44                HAL_Init
 .text.HAL_InitTick
                0x0000000008000f88       0x60 Drivers/STM32F4xx_HAL_Driver/Src/stm32f4xx_hal.o
                0x0000000008000f88                HAL_InitTick
 .text.HAL_IncTick
                0x0000000008000fe8       0x28 Drivers/STM32F4xx_HAL_Driver/Src/stm32f4xx_hal.o
                0x0000000008000fe8                HAL_IncTick
 .text.HAL_GetTick
                0x0000000008001010       0x18 Drivers/STM32F4xx_HAL_Driver/Src/stm32f4xx_hal.o
                0x0000000008001010                HAL_GetTick
 .text.HAL_Delay
                0x0000000008001028       0x48 Drivers/STM32F4xx_HAL_Driver/Src/stm32f4xx_hal.o
                0x0000000008001028                HAL_Delay
 .text.__NVIC_SetPriorityGrouping
                0x0000000008001070       0x48 Drivers/STM32F4xx_HAL_Driver/Src/stm32f4xx_hal_cortex.o
 .text.__NVIC_GetPriorityGrouping
                0x00000000080010b8       0x1c Drivers/STM32F4xx_HAL_Driver/Src/stm32f4xx_hal_cortex.o
 .text.__NVIC_EnableIRQ
                0x00000000080010d4       0x3c Drivers/STM32F4xx_HAL_Driver/Src/stm32f4xx_hal_cortex.o
 .text.__NVIC_SetPriority
                0x0000000008001110       0x54 Drivers/STM32F4xx_HAL_Driver/Src/stm32f4xx_hal_cortex.o
 .text.NVIC_EncodePriority
                0x0000000008001164       0x66 Drivers/STM32F4xx_HAL_Driver/Src/stm32f4xx_hal_cortex.o
 *fill*         0x00000000080011ca        0x2 
 .text.SysTick_Config
                0x00000000080011cc       0x44 Drivers/STM32F4xx_HAL_Driver/Src/stm32f4xx_hal_cortex.o
 .text.HAL_NVIC_SetPriorityGrouping
                0x0000000008001210       0x16 Drivers/STM32F4xx_HAL_Driver/Src/stm32f4xx_hal_cortex.o
                0x0000000008001210                HAL_NVIC_SetPriorityGrouping
 .text.HAL_NVIC_SetPriority
                0x0000000008001226       0x38 Drivers/STM32F4xx_HAL_Driver/Src/stm32f4xx_hal_cortex.o
                0x0000000008001226                HAL_NVIC_SetPriority
 .text.HAL_NVIC_EnableIRQ
                0x000000000800125e       0x1c Drivers/STM32F4xx_HAL_Driver/Src/stm32f4xx_hal_cortex.o
                0x000000000800125e                HAL_NVIC_EnableIRQ
 .text.HAL_SYSTICK_Config
                0x000000000800127a       0x18 Drivers/STM32F4xx_HAL_Driver/Src/stm32f4xx_hal_cortex.o
                0x000000000800127a                HAL_SYSTICK_Config
 *fill*         0x0000000008001292        0x2 
 .text.HAL_GPIO_Init
                0x0000000008001294      0x338 Drivers/STM32F4xx_HAL_Driver/Src/stm32f4xx_hal_gpio.o
                0x0000000008001294                HAL_GPIO_Init
 .text.HAL_GPIO_ReadPin
                0x00000000080015cc       0x30 Drivers/STM32F4xx_HAL_Driver/Src/stm32f4xx_hal_gpio.o
                0x00000000080015cc                HAL_GPIO_ReadPin
 .text.HAL_GPIO_WritePin
                0x00000000080015fc       0x32 Drivers/STM32F4xx_HAL_Driver/Src/stm32f4xx_hal_gpio.o
                0x00000000080015fc                HAL_GPIO_WritePin
 .text.HAL_HCD_Init
                0x000000000800162e       0xc4 Drivers/STM32F4xx_HAL_Driver/Src/stm32f4xx_hal_hcd.o
                0x000000000800162e                HAL_HCD_Init
 .text.HAL_HCD_HC_Init
                0x00000000080016f2      0x130 Drivers/STM32F4xx_HAL_Driver/Src/stm32f4xx_hal_hcd.o
                0x00000000080016f2                HAL_HCD_HC_Init
 .text.HAL_HCD_HC_Halt
                0x0000000008001822       0x46 Drivers/STM32F4xx_HAL_Driver/Src/stm32f4xx_hal_hcd.o
                0x0000000008001822                HAL_HCD_HC_Halt
 .text.HAL_HCD_HC_SubmitRequest
                0x0000000008001868      0x2e4 Drivers/STM32F4xx_HAL_Driver/Src/stm32f4xx_hal_hcd.o
                0x0000000008001868                HAL_HCD_HC_SubmitRequest
 .text.HAL_HCD_IRQHandler
                0x0000000008001b4c      0x208 Drivers/STM32F4xx_HAL_Driver/Src/stm32f4xx_hal_hcd.o
                0x0000000008001b4c                HAL_HCD_IRQHandler
 .text.HAL_HCD_Start
                0x0000000008001d54       0x46 Drivers/STM32F4xx_HAL_Driver/Src/stm32f4xx_hal_hcd.o
                0x0000000008001d54                HAL_HCD_Start
 .text.HAL_HCD_Stop
                0x0000000008001d9a       0x3a Drivers/STM32F4xx_HAL_Driver/Src/stm32f4xx_hal_hcd.o
                0x0000000008001d9a                HAL_HCD_Stop
 .text.HAL_HCD_ResetPort
                0x0000000008001dd4       0x1c Drivers/STM32F4xx_HAL_Driver/Src/stm32f4xx_hal_hcd.o
                0x0000000008001dd4                HAL_HCD_ResetPort
 .text.HAL_HCD_HC_GetURBState
                0x0000000008001df0       0x2a Drivers/STM32F4xx_HAL_Driver/Src/stm32f4xx_hal_hcd.o
                0x0000000008001df0                HAL_HCD_HC_GetURBState
 .text.HAL_HCD_HC_GetXferCount
                0x0000000008001e1a       0x2a Drivers/STM32F4xx_HAL_Driver/Src/stm32f4xx_hal_hcd.o
                0x0000000008001e1a                HAL_HCD_HC_GetXferCount
 .text.HAL_HCD_GetCurrentFrame
                0x0000000008001e44       0x1c Drivers/STM32F4xx_HAL_Driver/Src/stm32f4xx_hal_hcd.o
                0x0000000008001e44                HAL_HCD_GetCurrentFrame
 .text.HAL_HCD_GetCurrentSpeed
                0x0000000008001e60       0x1c Drivers/STM32F4xx_HAL_Driver/Src/stm32f4xx_hal_hcd.o
                0x0000000008001e60                HAL_HCD_GetCurrentSpeed
 .text.HCD_HC_IN_IRQHandler
                0x0000000008001e7c      0x86a Drivers/STM32F4xx_HAL_Driver/Src/stm32f4xx_hal_hcd.o
 .text.HCD_HC_OUT_IRQHandler
                0x00000000080026e6      0x6ea Drivers/STM32F4xx_HAL_Driver/Src/stm32f4xx_hal_hcd.o
 .text.HCD_RXQLVL_IRQHandler
                0x0000000008002dd0      0x15c Drivers/STM32F4xx_HAL_Driver/Src/stm32f4xx_hal_hcd.o
 .text.HCD_Port_IRQHandler
                0x0000000008002f2c       0xe6 Drivers/STM32F4xx_HAL_Driver/Src/stm32f4xx_hal_hcd.o
 *fill*         0x0000000008003012        0x2 
 .text.HAL_I2C_Init
                0x0000000008003014      0x288 Drivers/STM32F4xx_HAL_Driver/Src/stm32f4xx_hal_i2c.o
                0x0000000008003014                HAL_I2C_Init
 .text.HAL_RCC_OscConfig
                0x000000000800329c      0x4e0 Drivers/STM32F4xx_HAL_Driver/Src/stm32f4xx_hal_rcc.o
                0x000000000800329c                HAL_RCC_OscConfig
 .text.HAL_RCC_ClockConfig
                0x000000000800377c      0x1cc Drivers/STM32F4xx_HAL_Driver/Src/stm32f4xx_hal_rcc.o
                0x000000000800377c                HAL_RCC_ClockConfig
 .text.HAL_RCC_GetSysClockFreq
                0x0000000008003948      0x1c4 Drivers/STM32F4xx_HAL_Driver/Src/stm32f4xx_hal_rcc.o
                0x0000000008003948                HAL_RCC_GetSysClockFreq
 .text.HAL_RCC_GetHCLKFreq
                0x0000000008003b0c       0x18 Drivers/STM32F4xx_HAL_Driver/Src/stm32f4xx_hal_rcc.o
                0x0000000008003b0c                HAL_RCC_GetHCLKFreq
 .text.HAL_RCC_GetPCLK1Freq
                0x0000000008003b24       0x28 Drivers/STM32F4xx_HAL_Driver/Src/stm32f4xx_hal_rcc.o
                0x0000000008003b24                HAL_RCC_GetPCLK1Freq
 .text.HAL_RCC_GetPCLK2Freq
                0x0000000008003b4c       0x28 Drivers/STM32F4xx_HAL_Driver/Src/stm32f4xx_hal_rcc.o
                0x0000000008003b4c                HAL_RCC_GetPCLK2Freq
 .text.HAL_UART_Init
                0x0000000008003b74       0x9a Drivers/STM32F4xx_HAL_Driver/Src/stm32f4xx_hal_uart.o
                0x0000000008003b74                HAL_UART_Init
 *fill*         0x0000000008003c0e        0x2 
 .text.UART_SetConfig
                0x0000000008003c10      0x738 Drivers/STM32F4xx_HAL_Driver/Src/stm32f4xx_hal_uart.o
 .text.USB_CoreInit
                0x0000000008004348       0xc2 Drivers/STM32F4xx_HAL_Driver/Src/stm32f4xx_ll_usb.o
                0x0000000008004348                USB_CoreInit
 .text.USB_EnableGlobalInt
                0x000000000800440a       0x22 Drivers/STM32F4xx_HAL_Driver/Src/stm32f4xx_ll_usb.o
                0x000000000800440a                USB_EnableGlobalInt
 .text.USB_DisableGlobalInt
                0x000000000800442c       0x22 Drivers/STM32F4xx_HAL_Driver/Src/stm32f4xx_ll_usb.o
                0x000000000800442c                USB_DisableGlobalInt
 .text.USB_SetCurrentMode
                0x000000000800444e       0x54 Drivers/STM32F4xx_HAL_Driver/Src/stm32f4xx_ll_usb.o
                0x000000000800444e                USB_SetCurrentMode
 *fill*         0x00000000080044a2        0x2 
 .text.USB_FlushTxFifo
                0x00000000080044a4       0x4c Drivers/STM32F4xx_HAL_Driver/Src/stm32f4xx_ll_usb.o
                0x00000000080044a4                USB_FlushTxFifo
 .text.USB_FlushRxFifo
                0x00000000080044f0       0x44 Drivers/STM32F4xx_HAL_Driver/Src/stm32f4xx_ll_usb.o
                0x00000000080044f0                USB_FlushRxFifo
 .text.USB_WritePacket
                0x0000000008004534       0x6a Drivers/STM32F4xx_HAL_Driver/Src/stm32f4xx_ll_usb.o
                0x0000000008004534                USB_WritePacket
 .text.USB_ReadPacket
                0x000000000800459e       0x52 Drivers/STM32F4xx_HAL_Driver/Src/stm32f4xx_ll_usb.o
                0x000000000800459e                USB_ReadPacket
 .text.USB_ReadInterrupts
                0x00000000080045f0       0x26 Drivers/STM32F4xx_HAL_Driver/Src/stm32f4xx_ll_usb.o
                0x00000000080045f0                USB_ReadInterrupts
 .text.USB_GetMode
                0x0000000008004616       0x1c Drivers/STM32F4xx_HAL_Driver/Src/stm32f4xx_ll_usb.o
                0x0000000008004616                USB_GetMode
 *fill*         0x0000000008004632        0x2 
 .text.USB_CoreReset
                0x0000000008004634       0x68 Drivers/STM32F4xx_HAL_Driver/Src/stm32f4xx_ll_usb.o
 .text.USB_HostInit
                0x000000000800469c      0x178 Drivers/STM32F4xx_HAL_Driver/Src/stm32f4xx_ll_usb.o
                0x000000000800469c                USB_HostInit
 .text.USB_InitFSLSPClkSel
                0x0000000008004814       0x74 Drivers/STM32F4xx_HAL_Driver/Src/stm32f4xx_ll_usb.o
                0x0000000008004814                USB_InitFSLSPClkSel
 .text.USB_ResetPort
                0x0000000008004888       0x54 Drivers/STM32F4xx_HAL_Driver/Src/stm32f4xx_ll_usb.o
                0x0000000008004888                USB_ResetPort
 .text.USB_DriveVbus
                0x00000000080048dc       0x72 Drivers/STM32F4xx_HAL_Driver/Src/stm32f4xx_ll_usb.o
                0x00000000080048dc                USB_DriveVbus
 .text.USB_GetHostSpeed
                0x000000000800494e       0x2e Drivers/STM32F4xx_HAL_Driver/Src/stm32f4xx_ll_usb.o
                0x000000000800494e                USB_GetHostSpeed
 .text.USB_GetCurrentFrame
                0x000000000800497c       0x22 Drivers/STM32F4xx_HAL_Driver/Src/stm32f4xx_ll_usb.o
                0x000000000800497c                USB_GetCurrentFrame
 *fill*         0x000000000800499e        0x2 
 .text.USB_HC_Init
                0x00000000080049a0      0x214 Drivers/STM32F4xx_HAL_Driver/Src/stm32f4xx_ll_usb.o
                0x00000000080049a0                USB_HC_Init
 .text.USB_HC_StartXfer
                0x0000000008004bb4      0x288 Drivers/STM32F4xx_HAL_Driver/Src/stm32f4xx_ll_usb.o
                0x0000000008004bb4                USB_HC_StartXfer
 .text.USB_HC_ReadInterrupt
                0x0000000008004e3c       0x22 Drivers/STM32F4xx_HAL_Driver/Src/stm32f4xx_ll_usb.o
                0x0000000008004e3c                USB_HC_ReadInterrupt
 .text.USB_HC_Halt
                0x0000000008004e5e      0x1fe Drivers/STM32F4xx_HAL_Driver/Src/stm32f4xx_ll_usb.o
                0x0000000008004e5e                USB_HC_Halt
 .text.USB_DoPing
                0x000000000800505c       0x78 Drivers/STM32F4xx_HAL_Driver/Src/stm32f4xx_ll_usb.o
                0x000000000800505c                USB_DoPing
 .text.USB_StopHost
                0x00000000080050d4      0x10c Drivers/STM32F4xx_HAL_Driver/Src/stm32f4xx_ll_usb.o
                0x00000000080050d4                USB_StopHost
 .text.USBH_CDC_InterfaceInit
                0x00000000080051e0      0x2ac Middlewares/ST/STM32_USB_Host_Library/Class/CDC/Src/usbh_cdc.o
 .text.USBH_CDC_InterfaceDeInit
                0x000000000800548c       0xb2 Middlewares/ST/STM32_USB_Host_Library/Class/CDC/Src/usbh_cdc.o
 .text.USBH_CDC_ClassRequest
                0x000000000800553e       0x3e Middlewares/ST/STM32_USB_Host_Library/Class/CDC/Src/usbh_cdc.o
 .text.USBH_CDC_Process
                0x000000000800557c      0x12c Middlewares/ST/STM32_USB_Host_Library/Class/CDC/Src/usbh_cdc.o
 .text.USBH_CDC_SOFProcess
                0x00000000080056a8       0x16 Middlewares/ST/STM32_USB_Host_Library/Class/CDC/Src/usbh_cdc.o
 .text.GetLineCoding
                0x00000000080056be       0x3e Middlewares/ST/STM32_USB_Host_Library/Class/CDC/Src/usbh_cdc.o
 .text.SetLineCoding
                0x00000000080056fc       0x3e Middlewares/ST/STM32_USB_Host_Library/Class/CDC/Src/usbh_cdc.o
 .text.CDC_ProcessTransmission
                0x000000000800573a       0xec Middlewares/ST/STM32_USB_Host_Library/Class/CDC/Src/usbh_cdc.o
 .text.CDC_ProcessReception
                0x0000000008005826       0xb6 Middlewares/ST/STM32_USB_Host_Library/Class/CDC/Src/usbh_cdc.o
 .text.USBH_CDC_TransmitCallback
                0x00000000080058dc       0x14 Middlewares/ST/STM32_USB_Host_Library/Class/CDC/Src/usbh_cdc.o
                0x00000000080058dc                USBH_CDC_TransmitCallback
 .text.USBH_CDC_ReceiveCallback
                0x00000000080058f0       0x14 Middlewares/ST/STM32_USB_Host_Library/Class/CDC/Src/usbh_cdc.o
                0x00000000080058f0                USBH_CDC_ReceiveCallback
 .text.USBH_CDC_LineCodingChanged
                0x0000000008005904       0x14 Middlewares/ST/STM32_USB_Host_Library/Class/CDC/Src/usbh_cdc.o
                0x0000000008005904                USBH_CDC_LineCodingChanged
 .text.USBH_Init
                0x0000000008005918       0x74 Middlewares/ST/STM32_USB_Host_Library/Core/Src/usbh_core.o
                0x0000000008005918                USBH_Init
 .text.DeInitStateMachine
                0x000000000800598c       0xa8 Middlewares/ST/STM32_USB_Host_Library/Core/Src/usbh_core.o
 .text.USBH_RegisterClass
                0x0000000008005a34       0x54 Middlewares/ST/STM32_USB_Host_Library/Core/Src/usbh_core.o
                0x0000000008005a34                USBH_RegisterClass
 .text.USBH_SelectInterface
                0x0000000008005a88       0x38 Middlewares/ST/STM32_USB_Host_Library/Core/Src/usbh_core.o
                0x0000000008005a88                USBH_SelectInterface
 .text.USBH_FindInterface
                0x0000000008005ac0       0x8c Middlewares/ST/STM32_USB_Host_Library/Core/Src/usbh_core.o
                0x0000000008005ac0                USBH_FindInterface
 .text.USBH_Start
                0x0000000008005b4c       0x20 Middlewares/ST/STM32_USB_Host_Library/Core/Src/usbh_core.o
                0x0000000008005b4c                USBH_Start
 .text.USBH_Process
                0x0000000008005b6c      0x3c0 Middlewares/ST/STM32_USB_Host_Library/Core/Src/usbh_core.o
                0x0000000008005b6c                USBH_Process
 .text.USBH_HandleEnum
                0x0000000008005f2c      0x3c8 Middlewares/ST/STM32_USB_Host_Library/Core/Src/usbh_core.o
 .text.USBH_LL_SetTimer
                0x00000000080062f4       0x1e Middlewares/ST/STM32_USB_Host_Library/Core/Src/usbh_core.o
                0x00000000080062f4                USBH_LL_SetTimer
 .text.USBH_LL_IncTimer
                0x0000000008006312       0x24 Middlewares/ST/STM32_USB_Host_Library/Core/Src/usbh_core.o
                0x0000000008006312                USBH_LL_IncTimer
 .text.USBH_HandleSof
                0x0000000008006336       0x30 Middlewares/ST/STM32_USB_Host_Library/Core/Src/usbh_core.o
 .text.USBH_LL_PortEnabled
                0x0000000008006366       0x1c Middlewares/ST/STM32_USB_Host_Library/Core/Src/usbh_core.o
                0x0000000008006366                USBH_LL_PortEnabled
 .text.USBH_LL_PortDisabled
                0x0000000008006382       0x1c Middlewares/ST/STM32_USB_Host_Library/Core/Src/usbh_core.o
                0x0000000008006382                USBH_LL_PortDisabled
 .text.USBH_LL_Connect
                0x000000000800639e       0x2e Middlewares/ST/STM32_USB_Host_Library/Core/Src/usbh_core.o
                0x000000000800639e                USBH_LL_Connect
 .text.USBH_LL_Disconnect
                0x00000000080063cc       0x48 Middlewares/ST/STM32_USB_Host_Library/Core/Src/usbh_core.o
                0x00000000080063cc                USBH_LL_Disconnect
 .text.USBH_Get_DevDesc
                0x0000000008006414       0x50 Middlewares/ST/STM32_USB_Host_Library/Core/Src/usbh_ctlreq.o
                0x0000000008006414                USBH_Get_DevDesc
 .text.USBH_Get_CfgDesc
                0x0000000008006464       0x48 Middlewares/ST/STM32_USB_Host_Library/Core/Src/usbh_ctlreq.o
                0x0000000008006464                USBH_Get_CfgDesc
 .text.USBH_Get_StringDesc
                0x00000000080064ac       0x56 Middlewares/ST/STM32_USB_Host_Library/Core/Src/usbh_ctlreq.o
                0x00000000080064ac                USBH_Get_StringDesc
 .text.USBH_GetDescriptor
                0x0000000008006502       0x6a Middlewares/ST/STM32_USB_Host_Library/Core/Src/usbh_ctlreq.o
                0x0000000008006502                USBH_GetDescriptor
 .text.USBH_SetAddress
                0x000000000800656c       0x48 Middlewares/ST/STM32_USB_Host_Library/Core/Src/usbh_ctlreq.o
                0x000000000800656c                USBH_SetAddress
 .text.USBH_SetCfg
                0x00000000080065b4       0x46 Middlewares/ST/STM32_USB_Host_Library/Core/Src/usbh_ctlreq.o
                0x00000000080065b4                USBH_SetCfg
 .text.USBH_SetFeature
                0x00000000080065fa       0x48 Middlewares/ST/STM32_USB_Host_Library/Core/Src/usbh_ctlreq.o
                0x00000000080065fa                USBH_SetFeature
 .text.USBH_ClrFeature
                0x0000000008006642       0x48 Middlewares/ST/STM32_USB_Host_Library/Core/Src/usbh_ctlreq.o
                0x0000000008006642                USBH_ClrFeature
 .text.USBH_ParseDevDesc
                0x000000000800668a       0xe0 Middlewares/ST/STM32_USB_Host_Library/Core/Src/usbh_ctlreq.o
 .text.USBH_ParseCfgDesc
                0x000000000800676a      0x144 Middlewares/ST/STM32_USB_Host_Library/Core/Src/usbh_ctlreq.o
 .text.USBH_ParseInterfaceDesc
                0x00000000080068ae       0x5e Middlewares/ST/STM32_USB_Host_Library/Core/Src/usbh_ctlreq.o
 .text.USBH_ParseEPDesc
                0x000000000800690c       0x5a Middlewares/ST/STM32_USB_Host_Library/Core/Src/usbh_ctlreq.o
 .text.USBH_ParseStringDesc
                0x0000000008006966       0x66 Middlewares/ST/STM32_USB_Host_Library/Core/Src/usbh_ctlreq.o
 .text.USBH_GetNextDesc
                0x00000000080069cc       0x36 Middlewares/ST/STM32_USB_Host_Library/Core/Src/usbh_ctlreq.o
                0x00000000080069cc                USBH_GetNextDesc
 .text.USBH_CtlReq
                0x0000000008006a02       0x7a Middlewares/ST/STM32_USB_Host_Library/Core/Src/usbh_ctlreq.o
                0x0000000008006a02                USBH_CtlReq
 .text.USBH_HandleControl
                0x0000000008006a7c      0x2e8 Middlewares/ST/STM32_USB_Host_Library/Core/Src/usbh_ctlreq.o
 .text.USBH_CtlSendSetup
                0x0000000008006d64       0x34 Middlewares/ST/STM32_USB_Host_Library/Core/Src/usbh_ioreq.o
                0x0000000008006d64                USBH_CtlSendSetup
 .text.USBH_CtlSendData
                0x0000000008006d98       0x4a Middlewares/ST/STM32_USB_Host_Library/Core/Src/usbh_ioreq.o
                0x0000000008006d98                USBH_CtlSendData
 .text.USBH_CtlReceiveData
                0x0000000008006de2       0x3c Middlewares/ST/STM32_USB_Host_Library/Core/Src/usbh_ioreq.o
                0x0000000008006de2                USBH_CtlReceiveData
 .text.USBH_BulkSendData
                0x0000000008006e1e       0x4a Middlewares/ST/STM32_USB_Host_Library/Core/Src/usbh_ioreq.o
                0x0000000008006e1e                USBH_BulkSendData
 .text.USBH_BulkReceiveData
                0x0000000008006e68       0x3c Middlewares/ST/STM32_USB_Host_Library/Core/Src/usbh_ioreq.o
                0x0000000008006e68                USBH_BulkReceiveData
 .text.USBH_OpenPipe
                0x0000000008006ea4       0x3e Middlewares/ST/STM32_USB_Host_Library/Core/Src/usbh_pipes.o
                0x0000000008006ea4                USBH_OpenPipe
 .text.USBH_ClosePipe
                0x0000000008006ee2       0x20 Middlewares/ST/STM32_USB_Host_Library/Core/Src/usbh_pipes.o
                0x0000000008006ee2                USBH_ClosePipe
 .text.USBH_AllocPipe
                0x0000000008006f02       0x42 Middlewares/ST/STM32_USB_Host_Library/Core/Src/usbh_pipes.o
                0x0000000008006f02                USBH_AllocPipe
 .text.USBH_FreePipe
                0x0000000008006f44       0x3c Middlewares/ST/STM32_USB_Host_Library/Core/Src/usbh_pipes.o
                0x0000000008006f44                USBH_FreePipe
 .text.USBH_GetFreePipe
                0x0000000008006f80       0x48 Middlewares/ST/STM32_USB_Host_Library/Core/Src/usbh_pipes.o
 .text.MX_USB_HOST_Init
                0x0000000008006fc8       0x4c USB_HOST/App/usb_host.o
                0x0000000008006fc8                MX_USB_HOST_Init
 .text.MX_USB_HOST_Process
                0x0000000008007014       0x14 USB_HOST/App/usb_host.o
                0x0000000008007014                MX_USB_HOST_Process
 .text.USBH_UserProcess
                0x0000000008007028       0x5c USB_HOST/App/usb_host.o
 .text.HAL_HCD_MspInit
                0x0000000008007084       0xc4 USB_HOST/Target/usbh_conf.o
                0x0000000008007084                HAL_HCD_MspInit
 .text.HAL_HCD_SOF_Callback
                0x0000000008007148       0x1c USB_HOST/Target/usbh_conf.o
                0x0000000008007148                HAL_HCD_SOF_Callback
 .text.HAL_HCD_Connect_Callback
                0x0000000008007164       0x1c USB_HOST/Target/usbh_conf.o
                0x0000000008007164                HAL_HCD_Connect_Callback
 .text.HAL_HCD_Disconnect_Callback
                0x0000000008007180       0x1c USB_HOST/Target/usbh_conf.o
                0x0000000008007180                HAL_HCD_Disconnect_Callback
 .text.HAL_HCD_HC_NotifyURBChange_Callback
                0x000000000800719c       0x1c USB_HOST/Target/usbh_conf.o
                0x000000000800719c                HAL_HCD_HC_NotifyURBChange_Callback
 .text.HAL_HCD_PortEnabled_Callback
                0x00000000080071b8       0x1c USB_HOST/Target/usbh_conf.o
                0x00000000080071b8                HAL_HCD_PortEnabled_Callback
 .text.HAL_HCD_PortDisabled_Callback
                0x00000000080071d4       0x1c USB_HOST/Target/usbh_conf.o
                0x00000000080071d4                HAL_HCD_PortDisabled_Callback
 .text.USBH_LL_Init
                0x00000000080071f0       0x78 USB_HOST/Target/usbh_conf.o
                0x00000000080071f0                USBH_LL_Init
 .text.USBH_LL_Start
                0x0000000008007268       0x36 USB_HOST/Target/usbh_conf.o
                0x0000000008007268                USBH_LL_Start
 .text.USBH_LL_Stop
                0x000000000800729e       0x36 USB_HOST/Target/usbh_conf.o
                0x000000000800729e                USBH_LL_Stop
 .text.USBH_LL_GetSpeed
                0x00000000080072d4       0x4e USB_HOST/Target/usbh_conf.o
                0x00000000080072d4                USBH_LL_GetSpeed
 .text.USBH_LL_ResetPort
                0x0000000008007322       0x36 USB_HOST/Target/usbh_conf.o
                0x0000000008007322                USBH_LL_ResetPort
 .text.USBH_LL_GetLastXferSize
                0x0000000008007358       0x26 USB_HOST/Target/usbh_conf.o
                0x0000000008007358                USBH_LL_GetLastXferSize
 .text.USBH_LL_OpenPipe
                0x000000000800737e       0x5e USB_HOST/Target/usbh_conf.o
                0x000000000800737e                USBH_LL_OpenPipe
 .text.USBH_LL_ClosePipe
                0x00000000080073dc       0x3e USB_HOST/Target/usbh_conf.o
                0x00000000080073dc                USBH_LL_ClosePipe
 .text.USBH_LL_SubmitURB
                0x000000000800741a       0x62 USB_HOST/Target/usbh_conf.o
                0x000000000800741a                USBH_LL_SubmitURB
 .text.USBH_LL_GetURBState
                0x000000000800747c       0x26 USB_HOST/Target/usbh_conf.o
                0x000000000800747c                USBH_LL_GetURBState
 .text.USBH_LL_DriverVBUS
                0x00000000080074a2       0x2e USB_HOST/Target/usbh_conf.o
                0x00000000080074a2                USBH_LL_DriverVBUS
 .text.USBH_LL_SetToggle
                0x00000000080074d0       0x66 USB_HOST/Target/usbh_conf.o
                0x00000000080074d0                USBH_LL_SetToggle
 .text.USBH_Delay
                0x0000000008007536       0x16 USB_HOST/Target/usbh_conf.o
                0x0000000008007536                USBH_Delay
 .text.USBH_Get_USB_Status
                0x000000000800754c       0x58 USB_HOST/Target/usbh_conf.o
                0x000000000800754c                USBH_Get_USB_Status
 .text.MX_DriverVbusFS
                0x00000000080075a4       0x38 USB_HOST/Target/usbh_platform.o
                0x00000000080075a4                MX_DriverVbusFS
 .text.__errno  0x00000000080075dc        0xc c:/st/stm32cubeide_1.5.1/stm32cubeide/plugins/com.st.stm32cube.ide.mcu.externaltools.gnu-tools-for-stm32.9-2020-q2-update.win32_1.5.0.202011040924/tools/bin/../lib/gcc/arm-none-eabi/9.3.1/../../../../arm-none-eabi/lib/thumb/v7e-m+fp/hard\libc_nano.a(lib_a-errno.o)
                0x00000000080075dc                __errno
 .text.__libc_init_array
                0x00000000080075e8       0x48 c:/st/stm32cubeide_1.5.1/stm32cubeide/plugins/com.st.stm32cube.ide.mcu.externaltools.gnu-tools-for-stm32.9-2020-q2-update.win32_1.5.0.202011040924/tools/bin/../lib/gcc/arm-none-eabi/9.3.1/../../../../arm-none-eabi/lib/thumb/v7e-m+fp/hard\libc_nano.a(lib_a-init.o)
                0x00000000080075e8                __libc_init_array
 .text.malloc   0x0000000008007630       0x10 c:/st/stm32cubeide_1.5.1/stm32cubeide/plugins/com.st.stm32cube.ide.mcu.externaltools.gnu-tools-for-stm32.9-2020-q2-update.win32_1.5.0.202011040924/tools/bin/../lib/gcc/arm-none-eabi/9.3.1/../../../../arm-none-eabi/lib/thumb/v7e-m+fp/hard\libc_nano.a(lib_a-malloc.o)
                0x0000000008007630                malloc
 .text.free     0x0000000008007640       0x10 c:/st/stm32cubeide_1.5.1/stm32cubeide/plugins/com.st.stm32cube.ide.mcu.externaltools.gnu-tools-for-stm32.9-2020-q2-update.win32_1.5.0.202011040924/tools/bin/../lib/gcc/arm-none-eabi/9.3.1/../../../../arm-none-eabi/lib/thumb/v7e-m+fp/hard\libc_nano.a(lib_a-malloc.o)
                0x0000000008007640                free
 .text.memset   0x0000000008007650       0x10 c:/st/stm32cubeide_1.5.1/stm32cubeide/plugins/com.st.stm32cube.ide.mcu.externaltools.gnu-tools-for-stm32.9-2020-q2-update.win32_1.5.0.202011040924/tools/bin/../lib/gcc/arm-none-eabi/9.3.1/../../../../arm-none-eabi/lib/thumb/v7e-m+fp/hard\libc_nano.a(lib_a-memset.o)
                0x0000000008007650                memset
 .text._free_r  0x0000000008007660       0xa0 c:/st/stm32cubeide_1.5.1/stm32cubeide/plugins/com.st.stm32cube.ide.mcu.externaltools.gnu-tools-for-stm32.9-2020-q2-update.win32_1.5.0.202011040924/tools/bin/../lib/gcc/arm-none-eabi/9.3.1/../../../../arm-none-eabi/lib/thumb/v7e-m+fp/hard\libc_nano.a(lib_a-nano-freer.o)
                0x0000000008007660                _free_r
 .text._malloc_r
                0x0000000008007700       0xb4 c:/st/stm32cubeide_1.5.1/stm32cubeide/plugins/com.st.stm32cube.ide.mcu.externaltools.gnu-tools-for-stm32.9-2020-q2-update.win32_1.5.0.202011040924/tools/bin/../lib/gcc/arm-none-eabi/9.3.1/../../../../arm-none-eabi/lib/thumb/v7e-m+fp/hard\libc_nano.a(lib_a-nano-mallocr.o)
                0x0000000008007700                _malloc_r
 .text._sbrk_r  0x00000000080077b4       0x20 c:/st/stm32cubeide_1.5.1/stm32cubeide/plugins/com.st.stm32cube.ide.mcu.externaltools.gnu-tools-for-stm32.9-2020-q2-update.win32_1.5.0.202011040924/tools/bin/../lib/gcc/arm-none-eabi/9.3.1/../../../../arm-none-eabi/lib/thumb/v7e-m+fp/hard\libc_nano.a(lib_a-sbrkr.o)
                0x00000000080077b4                _sbrk_r
 .text.__malloc_lock
                0x00000000080077d4        0xc c:/st/stm32cubeide_1.5.1/stm32cubeide/plugins/com.st.stm32cube.ide.mcu.externaltools.gnu-tools-for-stm32.9-2020-q2-update.win32_1.5.0.202011040924/tools/bin/../lib/gcc/arm-none-eabi/9.3.1/../../../../arm-none-eabi/lib/thumb/v7e-m+fp/hard\libc_nano.a(lib_a-mlock.o)
                0x00000000080077d4                __malloc_lock
 .text.__malloc_unlock
                0x00000000080077e0        0xc c:/st/stm32cubeide_1.5.1/stm32cubeide/plugins/com.st.stm32cube.ide.mcu.externaltools.gnu-tools-for-stm32.9-2020-q2-update.win32_1.5.0.202011040924/tools/bin/../lib/gcc/arm-none-eabi/9.3.1/../../../../arm-none-eabi/lib/thumb/v7e-m+fp/hard\libc_nano.a(lib_a-mlock.o)
                0x00000000080077e0                __malloc_unlock
 .text.__retarget_lock_acquire_recursive
                0x00000000080077ec        0x2 c:/st/stm32cubeide_1.5.1/stm32cubeide/plugins/com.st.stm32cube.ide.mcu.externaltools.gnu-tools-for-stm32.9-2020-q2-update.win32_1.5.0.202011040924/tools/bin/../lib/gcc/arm-none-eabi/9.3.1/../../../../arm-none-eabi/lib/thumb/v7e-m+fp/hard\libc_nano.a(lib_a-lock.o)
                0x00000000080077ec                __retarget_lock_acquire_recursive
 .text.__retarget_lock_release_recursive
                0x00000000080077ee        0x2 c:/st/stm32cubeide_1.5.1/stm32cubeide/plugins/com.st.stm32cube.ide.mcu.externaltools.gnu-tools-for-stm32.9-2020-q2-update.win32_1.5.0.202011040924/tools/bin/../lib/gcc/arm-none-eabi/9.3.1/../../../../arm-none-eabi/lib/thumb/v7e-m+fp/hard\libc_nano.a(lib_a-lock.o)
                0x00000000080077ee                __retarget_lock_release_recursive
 *(.glue_7)
 .glue_7        0x00000000080077f0        0x0 linker stubs
 *(.glue_7t)
 .glue_7t       0x00000000080077f0        0x0 linker stubs
 *(.eh_frame)
 .eh_frame      0x00000000080077f0        0x0 c:/st/stm32cubeide_1.5.1/stm32cubeide/plugins/com.st.stm32cube.ide.mcu.externaltools.gnu-tools-for-stm32.9-2020-q2-update.win32_1.5.0.202011040924/tools/bin/../lib/gcc/arm-none-eabi/9.3.1/thumb/v7e-m+fp/hard/crtbegin.o
 *(.init)
 .init          0x00000000080077f0        0x4 c:/st/stm32cubeide_1.5.1/stm32cubeide/plugins/com.st.stm32cube.ide.mcu.externaltools.gnu-tools-for-stm32.9-2020-q2-update.win32_1.5.0.202011040924/tools/bin/../lib/gcc/arm-none-eabi/9.3.1/thumb/v7e-m+fp/hard/crti.o
                0x00000000080077f0                _init
 .init          0x00000000080077f4        0x8 c:/st/stm32cubeide_1.5.1/stm32cubeide/plugins/com.st.stm32cube.ide.mcu.externaltools.gnu-tools-for-stm32.9-2020-q2-update.win32_1.5.0.202011040924/tools/bin/../lib/gcc/arm-none-eabi/9.3.1/thumb/v7e-m+fp/hard/crtn.o
 *(.fini)
 .fini          0x00000000080077fc        0x4 c:/st/stm32cubeide_1.5.1/stm32cubeide/plugins/com.st.stm32cube.ide.mcu.externaltools.gnu-tools-for-stm32.9-2020-q2-update.win32_1.5.0.202011040924/tools/bin/../lib/gcc/arm-none-eabi/9.3.1/thumb/v7e-m+fp/hard/crti.o
                0x00000000080077fc                _fini
 .fini          0x0000000008007800        0x8 c:/st/stm32cubeide_1.5.1/stm32cubeide/plugins/com.st.stm32cube.ide.mcu.externaltools.gnu-tools-for-stm32.9-2020-q2-update.win32_1.5.0.202011040924/tools/bin/../lib/gcc/arm-none-eabi/9.3.1/thumb/v7e-m+fp/hard/crtn.o
                0x0000000008007808                . = ALIGN (0x4)
                0x0000000008007808                _etext = .

.vfp11_veneer   0x0000000008007808        0x0
 .vfp11_veneer  0x0000000008007808        0x0 linker stubs

.v4_bx          0x0000000008007808        0x0
 .v4_bx         0x0000000008007808        0x0 linker stubs

.iplt           0x0000000008007808        0x0
 .iplt          0x0000000008007808        0x0 c:/st/stm32cubeide_1.5.1/stm32cubeide/plugins/com.st.stm32cube.ide.mcu.externaltools.gnu-tools-for-stm32.9-2020-q2-update.win32_1.5.0.202011040924/tools/bin/../lib/gcc/arm-none-eabi/9.3.1/thumb/v7e-m+fp/hard/crtbegin.o

.rodata         0x0000000008007808       0x1c
                0x0000000008007808                . = ALIGN (0x4)
 *(.rodata)
 .rodata        0x0000000008007808        0x4 Middlewares/ST/STM32_USB_Host_Library/Class/CDC/Src/usbh_cdc.o
 *(.rodata*)
 .rodata.AHBPrescTable
                0x000000000800780c       0x10 Core/Src/system_stm32f4xx.o
                0x000000000800780c                AHBPrescTable
 .rodata.APBPrescTable
                0x000000000800781c        0x8 Core/Src/system_stm32f4xx.o
                0x000000000800781c                APBPrescTable
                0x0000000008007824                . = ALIGN (0x4)

.ARM.extab      0x0000000008007824        0x0
                0x0000000008007824                . = ALIGN (0x4)
 *(.ARM.extab* .gnu.linkonce.armextab.*)
                0x0000000008007824                . = ALIGN (0x4)

.ARM            0x0000000008007824        0x8
                0x0000000008007824                . = ALIGN (0x4)
                0x0000000008007824                __exidx_start = .
 *(.ARM.exidx*)
 .ARM.exidx     0x0000000008007824        0x8 c:/st/stm32cubeide_1.5.1/stm32cubeide/plugins/com.st.stm32cube.ide.mcu.externaltools.gnu-tools-for-stm32.9-2020-q2-update.win32_1.5.0.202011040924/tools/bin/../lib/gcc/arm-none-eabi/9.3.1/thumb/v7e-m+fp/hard\libgcc.a(_udivmoddi4.o)
                0x000000000800782c                __exidx_end = .
                0x000000000800782c                . = ALIGN (0x4)

.rel.dyn        0x000000000800782c        0x0
 .rel.iplt      0x000000000800782c        0x0 c:/st/stm32cubeide_1.5.1/stm32cubeide/plugins/com.st.stm32cube.ide.mcu.externaltools.gnu-tools-for-stm32.9-2020-q2-update.win32_1.5.0.202011040924/tools/bin/../lib/gcc/arm-none-eabi/9.3.1/thumb/v7e-m+fp/hard/crtbegin.o

.preinit_array  0x000000000800782c        0x0
                0x000000000800782c                . = ALIGN (0x4)
                0x000000000800782c                PROVIDE (__preinit_array_start = .)
 *(.preinit_array*)
                0x000000000800782c                PROVIDE (__preinit_array_end = .)
                0x000000000800782c                . = ALIGN (0x4)

.init_array     0x000000000800782c        0x4
                0x000000000800782c                . = ALIGN (0x4)
                0x000000000800782c                PROVIDE (__init_array_start = .)
 *(SORT_BY_NAME(.init_array.*))
 *(.init_array*)
 .init_array    0x000000000800782c        0x4 c:/st/stm32cubeide_1.5.1/stm32cubeide/plugins/com.st.stm32cube.ide.mcu.externaltools.gnu-tools-for-stm32.9-2020-q2-update.win32_1.5.0.202011040924/tools/bin/../lib/gcc/arm-none-eabi/9.3.1/thumb/v7e-m+fp/hard/crtbegin.o
                0x0000000008007830                PROVIDE (__init_array_end = .)
                0x0000000008007830                . = ALIGN (0x4)

.fini_array     0x0000000008007830        0x4
                0x0000000008007830                . = ALIGN (0x4)
                [!provide]                        PROVIDE (__fini_array_start = .)
 *(SORT_BY_NAME(.fini_array.*))
 *(.fini_array*)
 .fini_array    0x0000000008007830        0x4 c:/st/stm32cubeide_1.5.1/stm32cubeide/plugins/com.st.stm32cube.ide.mcu.externaltools.gnu-tools-for-stm32.9-2020-q2-update.win32_1.5.0.202011040924/tools/bin/../lib/gcc/arm-none-eabi/9.3.1/thumb/v7e-m+fp/hard/crtbegin.o
                [!provide]                        PROVIDE (__fini_array_end = .)
                0x0000000008007834                . = ALIGN (0x4)
                0x0000000008007834                _sidata = LOADADDR (.data)

.data           0x0000000020000000       0x90 load address 0x0000000008007834
                0x0000000020000000                . = ALIGN (0x4)
                0x0000000020000000                _sdata = .
 *(.data)
 *(.data*)
 .data.SystemCoreClock
                0x0000000020000000        0x4 Core/Src/system_stm32f4xx.o
                0x0000000020000000                SystemCoreClock
 .data.uwTickPrio
                0x0000000020000004        0x4 Drivers/STM32F4xx_HAL_Driver/Src/stm32f4xx_hal.o
                0x0000000020000004                uwTickPrio
 .data.uwTickFreq
                0x0000000020000008        0x1 Drivers/STM32F4xx_HAL_Driver/Src/stm32f4xx_hal.o
                0x0000000020000008                uwTickFreq
 *fill*         0x0000000020000009        0x3 
 .data.CDC_Class
                0x000000002000000c       0x20 Middlewares/ST/STM32_USB_Host_Library/Class/CDC/Src/usbh_cdc.o
                0x000000002000000c                CDC_Class
 .data._impure_ptr
                0x000000002000002c        0x4 c:/st/stm32cubeide_1.5.1/stm32cubeide/plugins/com.st.stm32cube.ide.mcu.externaltools.gnu-tools-for-stm32.9-2020-q2-update.win32_1.5.0.202011040924/tools/bin/../lib/gcc/arm-none-eabi/9.3.1/../../../../arm-none-eabi/lib/thumb/v7e-m+fp/hard\libc_nano.a(lib_a-impure.o)
                0x000000002000002c                _impure_ptr
 .data.impure_data
                0x0000000020000030       0x60 c:/st/stm32cubeide_1.5.1/stm32cubeide/plugins/com.st.stm32cube.ide.mcu.externaltools.gnu-tools-for-stm32.9-2020-q2-update.win32_1.5.0.202011040924/tools/bin/../lib/gcc/arm-none-eabi/9.3.1/../../../../arm-none-eabi/lib/thumb/v7e-m+fp/hard\libc_nano.a(lib_a-impure.o)
 *(.RamFunc)
 *(.RamFunc*)
                0x0000000020000090                . = ALIGN (0x4)
                0x0000000020000090                _edata = .

.igot.plt       0x0000000020000090        0x0 load address 0x00000000080078c4
 .igot.plt      0x0000000020000090        0x0 c:/st/stm32cubeide_1.5.1/stm32cubeide/plugins/com.st.stm32cube.ide.mcu.externaltools.gnu-tools-for-stm32.9-2020-q2-update.win32_1.5.0.202011040924/tools/bin/../lib/gcc/arm-none-eabi/9.3.1/thumb/v7e-m+fp/hard/crtbegin.o
                0x0000000020000090                . = ALIGN (0x4)

.bss            0x0000000020000090      0x778 load address 0x00000000080078c4
                0x0000000020000090                _sbss = .
                0x0000000020000090                __bss_start__ = _sbss
 *(.bss)
 .bss           0x0000000020000090       0x1c c:/st/stm32cubeide_1.5.1/stm32cubeide/plugins/com.st.stm32cube.ide.mcu.externaltools.gnu-tools-for-stm32.9-2020-q2-update.win32_1.5.0.202011040924/tools/bin/../lib/gcc/arm-none-eabi/9.3.1/thumb/v7e-m+fp/hard/crtbegin.o
 *(.bss*)
 .bss.currentState.8295
                0x00000000200000ac        0x4 Core/Src/main.o
 .bss.__sbrk_heap_end
                0x00000000200000b0        0x4 Core/Src/sysmem.o
 .bss.tmpreg.8456
                0x00000000200000b4        0x4 Drivers/STM32F4xx_HAL_Driver/Src/stm32f4xx_ll_usb.o
 .bss.Appli_state
                0x00000000200000b8        0x1 USB_HOST/App/usb_host.o
                0x00000000200000b8                Appli_state
 *fill*         0x00000000200000b9        0x3 
 .bss.__malloc_free_list
                0x00000000200000bc        0x4 c:/st/stm32cubeide_1.5.1/stm32cubeide/plugins/com.st.stm32cube.ide.mcu.externaltools.gnu-tools-for-stm32.9-2020-q2-update.win32_1.5.0.202011040924/tools/bin/../lib/gcc/arm-none-eabi/9.3.1/../../../../arm-none-eabi/lib/thumb/v7e-m+fp/hard\libc_nano.a(lib_a-nano-mallocr.o)
                0x00000000200000bc                __malloc_free_list
 .bss.__malloc_sbrk_start
                0x00000000200000c0        0x4 c:/st/stm32cubeide_1.5.1/stm32cubeide/plugins/com.st.stm32cube.ide.mcu.externaltools.gnu-tools-for-stm32.9-2020-q2-update.win32_1.5.0.202011040924/tools/bin/../lib/gcc/arm-none-eabi/9.3.1/../../../../arm-none-eabi/lib/thumb/v7e-m+fp/hard\libc_nano.a(lib_a-nano-mallocr.o)
                0x00000000200000c0                __malloc_sbrk_start
 *(COMMON)
 COMMON         0x00000000200000c4       0x94 Core/Src/main.o
                0x00000000200000c4                hi2c1
                0x0000000020000118                huart2
 COMMON         0x0000000020000158        0x4 Drivers/STM32F4xx_HAL_Driver/Src/stm32f4xx_hal.o
                0x0000000020000158                uwTick
 COMMON         0x000000002000015c      0x3d8 USB_HOST/App/usb_host.o
                0x000000002000015c                hUsbHostFS
 COMMON         0x0000000020000534      0x2c4 USB_HOST/Target/usbh_conf.o
                0x0000000020000534                hhcd_USB_OTG_FS
 COMMON         0x00000000200007f8        0x4 c:/st/stm32cubeide_1.5.1/stm32cubeide/plugins/com.st.stm32cube.ide.mcu.externaltools.gnu-tools-for-stm32.9-2020-q2-update.win32_1.5.0.202011040924/tools/bin/../lib/gcc/arm-none-eabi/9.3.1/../../../../arm-none-eabi/lib/thumb/v7e-m+fp/hard\libc_nano.a(lib_a-reent.o)
                0x00000000200007f8                errno
 COMMON         0x00000000200007fc        0x9 c:/st/stm32cubeide_1.5.1/stm32cubeide/plugins/com.st.stm32cube.ide.mcu.externaltools.gnu-tools-for-stm32.9-2020-q2-update.win32_1.5.0.202011040924/tools/bin/../lib/gcc/arm-none-eabi/9.3.1/../../../../arm-none-eabi/lib/thumb/v7e-m+fp/hard\libc_nano.a(lib_a-lock.o)
                0x00000000200007fc                __lock___atexit_recursive_mutex
                0x00000000200007fd                __lock___arc4random_mutex
                0x00000000200007fe                __lock___env_recursive_mutex
                0x00000000200007ff                __lock___sinit_recursive_mutex
                0x0000000020000800                __lock___malloc_recursive_mutex
                0x0000000020000801                __lock___at_quick_exit_mutex
                0x0000000020000802                __lock___dd_hash_mutex
                0x0000000020000803                __lock___tz_mutex
                0x0000000020000804                __lock___sfp_recursive_mutex
                0x0000000020000808                . = ALIGN (0x4)
 *fill*         0x0000000020000805        0x3 
                0x0000000020000808                _ebss = .
                0x0000000020000808                __bss_end__ = _ebss

._user_heap_stack
                0x0000000020000808      0x600 load address 0x00000000080078c4
                0x0000000020000808                . = ALIGN (0x8)
                [!provide]                        PROVIDE (end = .)
                0x0000000020000808                PROVIDE (_end = .)
                0x0000000020000a08                . = (. + _Min_Heap_Size)
 *fill*         0x0000000020000808      0x200 
                0x0000000020000e08                . = (. + _Min_Stack_Size)
 *fill*         0x0000000020000a08      0x400 
                0x0000000020000e08                . = ALIGN (0x8)

/DISCARD/
 libc.a(*)
 libm.a(*)
 libgcc.a(*)

.ARM.attributes
                0x0000000000000000       0x30
 *(.ARM.attributes)
 .ARM.attributes
                0x0000000000000000       0x1e c:/st/stm32cubeide_1.5.1/stm32cubeide/plugins/com.st.stm32cube.ide.mcu.externaltools.gnu-tools-for-stm32.9-2020-q2-update.win32_1.5.0.202011040924/tools/bin/../lib/gcc/arm-none-eabi/9.3.1/thumb/v7e-m+fp/hard/crti.o
 .ARM.attributes
                0x000000000000001e       0x34 c:/st/stm32cubeide_1.5.1/stm32cubeide/plugins/com.st.stm32cube.ide.mcu.externaltools.gnu-tools-for-stm32.9-2020-q2-update.win32_1.5.0.202011040924/tools/bin/../lib/gcc/arm-none-eabi/9.3.1/thumb/v7e-m+fp/hard/crtbegin.o
 .ARM.attributes
                0x0000000000000052       0x34 Core/Src/main.o
 .ARM.attributes
                0x0000000000000086       0x34 Core/Src/stm32f4xx_hal_msp.o
 .ARM.attributes
                0x00000000000000ba       0x34 Core/Src/stm32f4xx_it.o
 .ARM.attributes
                0x00000000000000ee       0x34 Core/Src/sysmem.o
 .ARM.attributes
                0x0000000000000122       0x34 Core/Src/system_stm32f4xx.o
 .ARM.attributes
                0x0000000000000156       0x21 Core/Startup/startup_stm32f407vgtx.o
 .ARM.attributes
                0x0000000000000177       0x34 Drivers/STM32F4xx_HAL_Driver/Src/stm32f4xx_hal.o
 .ARM.attributes
                0x00000000000001ab       0x34 Drivers/STM32F4xx_HAL_Driver/Src/stm32f4xx_hal_cortex.o
 .ARM.attributes
                0x00000000000001df       0x34 Drivers/STM32F4xx_HAL_Driver/Src/stm32f4xx_hal_gpio.o
 .ARM.attributes
                0x0000000000000213       0x34 Drivers/STM32F4xx_HAL_Driver/Src/stm32f4xx_hal_hcd.o
 .ARM.attributes
                0x0000000000000247       0x34 Drivers/STM32F4xx_HAL_Driver/Src/stm32f4xx_hal_i2c.o
 .ARM.attributes
                0x000000000000027b       0x34 Drivers/STM32F4xx_HAL_Driver/Src/stm32f4xx_hal_rcc.o
 .ARM.attributes
                0x00000000000002af       0x34 Drivers/STM32F4xx_HAL_Driver/Src/stm32f4xx_hal_uart.o
 .ARM.attributes
                0x00000000000002e3       0x34 Drivers/STM32F4xx_HAL_Driver/Src/stm32f4xx_ll_usb.o
 .ARM.attributes
                0x0000000000000317       0x34 Middlewares/ST/STM32_USB_Host_Library/Class/CDC/Src/usbh_cdc.o
 .ARM.attributes
                0x000000000000034b       0x34 Middlewares/ST/STM32_USB_Host_Library/Core/Src/usbh_core.o
 .ARM.attributes
                0x000000000000037f       0x34 Middlewares/ST/STM32_USB_Host_Library/Core/Src/usbh_ctlreq.o
 .ARM.attributes
                0x00000000000003b3       0x34 Middlewares/ST/STM32_USB_Host_Library/Core/Src/usbh_ioreq.o
 .ARM.attributes
                0x00000000000003e7       0x34 Middlewares/ST/STM32_USB_Host_Library/Core/Src/usbh_pipes.o
 .ARM.attributes
                0x000000000000041b       0x34 USB_HOST/App/usb_host.o
 .ARM.attributes
                0x000000000000044f       0x34 USB_HOST/Target/usbh_conf.o
 .ARM.attributes
                0x0000000000000483       0x34 USB_HOST/Target/usbh_platform.o
 .ARM.attributes
                0x00000000000004b7       0x34 c:/st/stm32cubeide_1.5.1/stm32cubeide/plugins/com.st.stm32cube.ide.mcu.externaltools.gnu-tools-for-stm32.9-2020-q2-update.win32_1.5.0.202011040924/tools/bin/../lib/gcc/arm-none-eabi/9.3.1/../../../../arm-none-eabi/lib/thumb/v7e-m+fp/hard\libc_nano.a(lib_a-errno.o)
 .ARM.attributes
                0x00000000000004eb       0x32 c:/st/stm32cubeide_1.5.1/stm32cubeide/plugins/com.st.stm32cube.ide.mcu.externaltools.gnu-tools-for-stm32.9-2020-q2-update.win32_1.5.0.202011040924/tools/bin/../lib/gcc/arm-none-eabi/9.3.1/../../../../arm-none-eabi/lib/thumb/v7e-m+fp/hard\libc_nano.a(lib_a-impure.o)
 .ARM.attributes
                0x000000000000051d       0x34 c:/st/stm32cubeide_1.5.1/stm32cubeide/plugins/com.st.stm32cube.ide.mcu.externaltools.gnu-tools-for-stm32.9-2020-q2-update.win32_1.5.0.202011040924/tools/bin/../lib/gcc/arm-none-eabi/9.3.1/../../../../arm-none-eabi/lib/thumb/v7e-m+fp/hard\libc_nano.a(lib_a-init.o)
 .ARM.attributes
                0x0000000000000551       0x34 c:/st/stm32cubeide_1.5.1/stm32cubeide/plugins/com.st.stm32cube.ide.mcu.externaltools.gnu-tools-for-stm32.9-2020-q2-update.win32_1.5.0.202011040924/tools/bin/../lib/gcc/arm-none-eabi/9.3.1/../../../../arm-none-eabi/lib/thumb/v7e-m+fp/hard\libc_nano.a(lib_a-malloc.o)
 .ARM.attributes
                0x0000000000000585       0x34 c:/st/stm32cubeide_1.5.1/stm32cubeide/plugins/com.st.stm32cube.ide.mcu.externaltools.gnu-tools-for-stm32.9-2020-q2-update.win32_1.5.0.202011040924/tools/bin/../lib/gcc/arm-none-eabi/9.3.1/../../../../arm-none-eabi/lib/thumb/v7e-m+fp/hard\libc_nano.a(lib_a-memset.o)
 .ARM.attributes
                0x00000000000005b9       0x34 c:/st/stm32cubeide_1.5.1/stm32cubeide/plugins/com.st.stm32cube.ide.mcu.externaltools.gnu-tools-for-stm32.9-2020-q2-update.win32_1.5.0.202011040924/tools/bin/../lib/gcc/arm-none-eabi/9.3.1/../../../../arm-none-eabi/lib/thumb/v7e-m+fp/hard\libc_nano.a(lib_a-nano-freer.o)
 .ARM.attributes
                0x00000000000005ed       0x34 c:/st/stm32cubeide_1.5.1/stm32cubeide/plugins/com.st.stm32cube.ide.mcu.externaltools.gnu-tools-for-stm32.9-2020-q2-update.win32_1.5.0.202011040924/tools/bin/../lib/gcc/arm-none-eabi/9.3.1/../../../../arm-none-eabi/lib/thumb/v7e-m+fp/hard\libc_nano.a(lib_a-nano-mallocr.o)
 .ARM.attributes
                0x0000000000000621       0x34 c:/st/stm32cubeide_1.5.1/stm32cubeide/plugins/com.st.stm32cube.ide.mcu.externaltools.gnu-tools-for-stm32.9-2020-q2-update.win32_1.5.0.202011040924/tools/bin/../lib/gcc/arm-none-eabi/9.3.1/../../../../arm-none-eabi/lib/thumb/v7e-m+fp/hard\libc_nano.a(lib_a-sbrkr.o)
 .ARM.attributes
                0x0000000000000655       0x34 c:/st/stm32cubeide_1.5.1/stm32cubeide/plugins/com.st.stm32cube.ide.mcu.externaltools.gnu-tools-for-stm32.9-2020-q2-update.win32_1.5.0.202011040924/tools/bin/../lib/gcc/arm-none-eabi/9.3.1/../../../../arm-none-eabi/lib/thumb/v7e-m+fp/hard\libc_nano.a(lib_a-mlock.o)
 .ARM.attributes
                0x0000000000000689       0x34 c:/st/stm32cubeide_1.5.1/stm32cubeide/plugins/com.st.stm32cube.ide.mcu.externaltools.gnu-tools-for-stm32.9-2020-q2-update.win32_1.5.0.202011040924/tools/bin/../lib/gcc/arm-none-eabi/9.3.1/../../../../arm-none-eabi/lib/thumb/v7e-m+fp/hard\libc_nano.a(lib_a-reent.o)
 .ARM.attributes
                0x00000000000006bd       0x34 c:/st/stm32cubeide_1.5.1/stm32cubeide/plugins/com.st.stm32cube.ide.mcu.externaltools.gnu-tools-for-stm32.9-2020-q2-update.win32_1.5.0.202011040924/tools/bin/../lib/gcc/arm-none-eabi/9.3.1/../../../../arm-none-eabi/lib/thumb/v7e-m+fp/hard\libc_nano.a(lib_a-lock.o)
 .ARM.attributes
                0x00000000000006f1       0x1e c:/st/stm32cubeide_1.5.1/stm32cubeide/plugins/com.st.stm32cube.ide.mcu.externaltools.gnu-tools-for-stm32.9-2020-q2-update.win32_1.5.0.202011040924/tools/bin/../lib/gcc/arm-none-eabi/9.3.1/thumb/v7e-m+fp/hard\libgcc.a(_aeabi_uldivmod.o)
 .ARM.attributes
                0x000000000000070f       0x34 c:/st/stm32cubeide_1.5.1/stm32cubeide/plugins/com.st.stm32cube.ide.mcu.externaltools.gnu-tools-for-stm32.9-2020-q2-update.win32_1.5.0.202011040924/tools/bin/../lib/gcc/arm-none-eabi/9.3.1/thumb/v7e-m+fp/hard\libgcc.a(_udivmoddi4.o)
 .ARM.attributes
                0x0000000000000743       0x1e c:/st/stm32cubeide_1.5.1/stm32cubeide/plugins/com.st.stm32cube.ide.mcu.externaltools.gnu-tools-for-stm32.9-2020-q2-update.win32_1.5.0.202011040924/tools/bin/../lib/gcc/arm-none-eabi/9.3.1/thumb/v7e-m+fp/hard\libgcc.a(_dvmd_tls.o)
 .ARM.attributes
                0x0000000000000761       0x1e c:/st/stm32cubeide_1.5.1/stm32cubeide/plugins/com.st.stm32cube.ide.mcu.externaltools.gnu-tools-for-stm32.9-2020-q2-update.win32_1.5.0.202011040924/tools/bin/../lib/gcc/arm-none-eabi/9.3.1/thumb/v7e-m+fp/hard/crtn.o
OUTPUT(ASSIGN02.elf elf32-littlearm)
LOAD linker stubs
LOAD c:/st/stm32cubeide_1.5.1/stm32cubeide/plugins/com.st.stm32cube.ide.mcu.externaltools.gnu-tools-for-stm32.9-2020-q2-update.win32_1.5.0.202011040924/tools/bin/../lib/gcc/arm-none-eabi/9.3.1/../../../../arm-none-eabi/lib/thumb/v7e-m+fp/hard\libc.a
LOAD c:/st/stm32cubeide_1.5.1/stm32cubeide/plugins/com.st.stm32cube.ide.mcu.externaltools.gnu-tools-for-stm32.9-2020-q2-update.win32_1.5.0.202011040924/tools/bin/../lib/gcc/arm-none-eabi/9.3.1/../../../../arm-none-eabi/lib/thumb/v7e-m+fp/hard\libm.a
LOAD c:/st/stm32cubeide_1.5.1/stm32cubeide/plugins/com.st.stm32cube.ide.mcu.externaltools.gnu-tools-for-stm32.9-2020-q2-update.win32_1.5.0.202011040924/tools/bin/../lib/gcc/arm-none-eabi/9.3.1/thumb/v7e-m+fp/hard\libgcc.a

.debug_info     0x0000000000000000    0x17719
 .debug_info    0x0000000000000000     0x133f Core/Src/main.o
 .debug_info    0x000000000000133f      0xd19 Core/Src/stm32f4xx_hal_msp.o
 .debug_info    0x0000000000002058      0x71c Core/Src/stm32f4xx_it.o
 .debug_info    0x0000000000002774      0xa25 Core/Src/sysmem.o
 .debug_info    0x0000000000003199      0x5a4 Core/Src/system_stm32f4xx.o
 .debug_info    0x000000000000373d       0x22 Core/Startup/startup_stm32f407vgtx.o
 .debug_info    0x000000000000375f      0x9b2 Drivers/STM32F4xx_HAL_Driver/Src/stm32f4xx_hal.o
 .debug_info    0x0000000000004111      0xed7 Drivers/STM32F4xx_HAL_Driver/Src/stm32f4xx_hal_cortex.o
 .debug_info    0x0000000000004fe8      0x82e Drivers/STM32F4xx_HAL_Driver/Src/stm32f4xx_hal_gpio.o
 .debug_info    0x0000000000005816      0xf3a Drivers/STM32F4xx_HAL_Driver/Src/stm32f4xx_hal_hcd.o
 .debug_info    0x0000000000006750     0x2633 Drivers/STM32F4xx_HAL_Driver/Src/stm32f4xx_hal_i2c.o
 .debug_info    0x0000000000008d83      0x996 Drivers/STM32F4xx_HAL_Driver/Src/stm32f4xx_hal_rcc.o
 .debug_info    0x0000000000009719     0x1357 Drivers/STM32F4xx_HAL_Driver/Src/stm32f4xx_hal_uart.o
 .debug_info    0x000000000000aa70     0x1a62 Drivers/STM32F4xx_HAL_Driver/Src/stm32f4xx_ll_usb.o
 .debug_info    0x000000000000c4d2     0x1c86 Middlewares/ST/STM32_USB_Host_Library/Class/CDC/Src/usbh_cdc.o
 .debug_info    0x000000000000e158     0x1815 Middlewares/ST/STM32_USB_Host_Library/Core/Src/usbh_core.o
 .debug_info    0x000000000000f96d     0x18e6 Middlewares/ST/STM32_USB_Host_Library/Core/Src/usbh_ctlreq.o
 .debug_info    0x0000000000011253     0x162f Middlewares/ST/STM32_USB_Host_Library/Core/Src/usbh_ioreq.o
 .debug_info    0x0000000000012882     0x1457 Middlewares/ST/STM32_USB_Host_Library/Core/Src/usbh_pipes.o
 .debug_info    0x0000000000013cd9     0x13a0 USB_HOST/App/usb_host.o
 .debug_info    0x0000000000015079     0x2405 USB_HOST/Target/usbh_conf.o
 .debug_info    0x000000000001747e      0x29b USB_HOST/Target/usbh_platform.o

.debug_abbrev   0x0000000000000000     0x346d
 .debug_abbrev  0x0000000000000000      0x308 Core/Src/main.o
 .debug_abbrev  0x0000000000000308      0x1ac Core/Src/stm32f4xx_hal_msp.o
 .debug_abbrev  0x00000000000004b4      0x184 Core/Src/stm32f4xx_it.o
 .debug_abbrev  0x0000000000000638      0x1bf Core/Src/sysmem.o
 .debug_abbrev  0x00000000000007f7      0x145 Core/Src/system_stm32f4xx.o
 .debug_abbrev  0x000000000000093c       0x12 Core/Startup/startup_stm32f407vgtx.o
 .debug_abbrev  0x000000000000094e      0x1ed Drivers/STM32F4xx_HAL_Driver/Src/stm32f4xx_hal.o
 .debug_abbrev  0x0000000000000b3b      0x33c Drivers/STM32F4xx_HAL_Driver/Src/stm32f4xx_hal_cortex.o
 .debug_abbrev  0x0000000000000e77      0x1f1 Drivers/STM32F4xx_HAL_Driver/Src/stm32f4xx_hal_gpio.o
 .debug_abbrev  0x0000000000001068      0x28d Drivers/STM32F4xx_HAL_Driver/Src/stm32f4xx_hal_hcd.o
 .debug_abbrev  0x00000000000012f5      0x282 Drivers/STM32F4xx_HAL_Driver/Src/stm32f4xx_hal_i2c.o
 .debug_abbrev  0x0000000000001577      0x275 Drivers/STM32F4xx_HAL_Driver/Src/stm32f4xx_hal_rcc.o
 .debug_abbrev  0x00000000000017ec      0x270 Drivers/STM32F4xx_HAL_Driver/Src/stm32f4xx_hal_uart.o
 .debug_abbrev  0x0000000000001a5c      0x2a7 Drivers/STM32F4xx_HAL_Driver/Src/stm32f4xx_ll_usb.o
 .debug_abbrev  0x0000000000001d03      0x352 Middlewares/ST/STM32_USB_Host_Library/Class/CDC/Src/usbh_cdc.o
 .debug_abbrev  0x0000000000002055      0x3b4 Middlewares/ST/STM32_USB_Host_Library/Core/Src/usbh_core.o
 .debug_abbrev  0x0000000000002409      0x367 Middlewares/ST/STM32_USB_Host_Library/Core/Src/usbh_ctlreq.o
 .debug_abbrev  0x0000000000002770      0x2b5 Middlewares/ST/STM32_USB_Host_Library/Core/Src/usbh_ioreq.o
 .debug_abbrev  0x0000000000002a25      0x2f3 Middlewares/ST/STM32_USB_Host_Library/Core/Src/usbh_pipes.o
 .debug_abbrev  0x0000000000002d18      0x2a4 USB_HOST/App/usb_host.o
 .debug_abbrev  0x0000000000002fbc      0x397 USB_HOST/Target/usbh_conf.o
 .debug_abbrev  0x0000000000003353      0x11a USB_HOST/Target/usbh_platform.o

.debug_aranges  0x0000000000000000      0xf80
 .debug_aranges
                0x0000000000000000       0xb0 Core/Src/main.o
 .debug_aranges
                0x00000000000000b0       0x40 Core/Src/stm32f4xx_hal_msp.o
 .debug_aranges
                0x00000000000000f0       0x68 Core/Src/stm32f4xx_it.o
 .debug_aranges
                0x0000000000000158       0x20 Core/Src/sysmem.o
 .debug_aranges
                0x0000000000000178       0x28 Core/Src/system_stm32f4xx.o
 .debug_aranges
                0x00000000000001a0       0x28 Core/Startup/startup_stm32f407vgtx.o
 .debug_aranges
                0x00000000000001c8       0xf0 Drivers/STM32F4xx_HAL_Driver/Src/stm32f4xx_hal.o
 .debug_aranges
                0x00000000000002b8      0x118 Drivers/STM32F4xx_HAL_Driver/Src/stm32f4xx_hal_cortex.o
 .debug_aranges
                0x00000000000003d0       0x58 Drivers/STM32F4xx_HAL_Driver/Src/stm32f4xx_hal_gpio.o
 .debug_aranges
                0x0000000000000428       0xf8 Drivers/STM32F4xx_HAL_Driver/Src/stm32f4xx_hal_hcd.o
 .debug_aranges
                0x0000000000000520      0x2a0 Drivers/STM32F4xx_HAL_Driver/Src/stm32f4xx_hal_i2c.o
 .debug_aranges
                0x00000000000007c0       0x88 Drivers/STM32F4xx_HAL_Driver/Src/stm32f4xx_hal_rcc.o
 .debug_aranges
                0x0000000000000848      0x1d0 Drivers/STM32F4xx_HAL_Driver/Src/stm32f4xx_hal_uart.o
 .debug_aranges
                0x0000000000000a18      0x198 Drivers/STM32F4xx_HAL_Driver/Src/stm32f4xx_ll_usb.o
 .debug_aranges
                0x0000000000000bb0       0xa8 Middlewares/ST/STM32_USB_Host_Library/Class/CDC/Src/usbh_cdc.o
 .debug_aranges
                0x0000000000000c58       0xc0 Middlewares/ST/STM32_USB_Host_Library/Core/Src/usbh_core.o
 .debug_aranges
                0x0000000000000d18       0xa0 Middlewares/ST/STM32_USB_Host_Library/Core/Src/usbh_ctlreq.o
 .debug_aranges
                0x0000000000000db8       0x60 Middlewares/ST/STM32_USB_Host_Library/Core/Src/usbh_ioreq.o
 .debug_aranges
                0x0000000000000e18       0x40 Middlewares/ST/STM32_USB_Host_Library/Core/Src/usbh_pipes.o
 .debug_aranges
                0x0000000000000e58       0x30 USB_HOST/App/usb_host.o
 .debug_aranges
                0x0000000000000e88       0xd8 USB_HOST/Target/usbh_conf.o
 .debug_aranges
                0x0000000000000f60       0x20 USB_HOST/Target/usbh_platform.o

.debug_ranges   0x0000000000000000      0xe50
 .debug_ranges  0x0000000000000000       0xa0 Core/Src/main.o
 .debug_ranges  0x00000000000000a0       0x30 Core/Src/stm32f4xx_hal_msp.o
 .debug_ranges  0x00000000000000d0       0x58 Core/Src/stm32f4xx_it.o
 .debug_ranges  0x0000000000000128       0x10 Core/Src/sysmem.o
 .debug_ranges  0x0000000000000138       0x18 Core/Src/system_stm32f4xx.o
 .debug_ranges  0x0000000000000150       0x20 Core/Startup/startup_stm32f407vgtx.o
 .debug_ranges  0x0000000000000170       0xe0 Drivers/STM32F4xx_HAL_Driver/Src/stm32f4xx_hal.o
 .debug_ranges  0x0000000000000250      0x108 Drivers/STM32F4xx_HAL_Driver/Src/stm32f4xx_hal_cortex.o
 .debug_ranges  0x0000000000000358       0x48 Drivers/STM32F4xx_HAL_Driver/Src/stm32f4xx_hal_gpio.o
 .debug_ranges  0x00000000000003a0       0xe8 Drivers/STM32F4xx_HAL_Driver/Src/stm32f4xx_hal_hcd.o
 .debug_ranges  0x0000000000000488      0x2b8 Drivers/STM32F4xx_HAL_Driver/Src/stm32f4xx_hal_i2c.o
 .debug_ranges  0x0000000000000740       0x78 Drivers/STM32F4xx_HAL_Driver/Src/stm32f4xx_hal_rcc.o
 .debug_ranges  0x00000000000007b8      0x1c0 Drivers/STM32F4xx_HAL_Driver/Src/stm32f4xx_hal_uart.o
 .debug_ranges  0x0000000000000978      0x188 Drivers/STM32F4xx_HAL_Driver/Src/stm32f4xx_ll_usb.o
 .debug_ranges  0x0000000000000b00       0x98 Middlewares/ST/STM32_USB_Host_Library/Class/CDC/Src/usbh_cdc.o
 .debug_ranges  0x0000000000000b98       0xb0 Middlewares/ST/STM32_USB_Host_Library/Core/Src/usbh_core.o
 .debug_ranges  0x0000000000000c48       0x90 Middlewares/ST/STM32_USB_Host_Library/Core/Src/usbh_ctlreq.o
 .debug_ranges  0x0000000000000cd8       0x50 Middlewares/ST/STM32_USB_Host_Library/Core/Src/usbh_ioreq.o
 .debug_ranges  0x0000000000000d28       0x30 Middlewares/ST/STM32_USB_Host_Library/Core/Src/usbh_pipes.o
 .debug_ranges  0x0000000000000d58       0x20 USB_HOST/App/usb_host.o
 .debug_ranges  0x0000000000000d78       0xc8 USB_HOST/Target/usbh_conf.o
 .debug_ranges  0x0000000000000e40       0x10 USB_HOST/Target/usbh_platform.o

.debug_macro    0x0000000000000000    0x2258b
 .debug_macro   0x0000000000000000      0x25e Core/Src/main.o
 .debug_macro   0x000000000000025e      0x29a Core/Src/main.o
 .debug_macro   0x00000000000004f8       0x2e Core/Src/main.o
 .debug_macro   0x0000000000000526       0x2f Core/Src/main.o
 .debug_macro   0x0000000000000555       0x22 Core/Src/main.o
 .debug_macro   0x0000000000000577       0x8e Core/Src/main.o
 .debug_macro   0x0000000000000605       0x51 Core/Src/main.o
 .debug_macro   0x0000000000000656      0x103 Core/Src/main.o
 .debug_macro   0x0000000000000759       0x6a Core/Src/main.o
 .debug_macro   0x00000000000007c3      0x1df Core/Src/main.o
 .debug_macro   0x00000000000009a2       0x1c Core/Src/main.o
 .debug_macro   0x00000000000009be       0x22 Core/Src/main.o
 .debug_macro   0x00000000000009e0       0xdf Core/Src/main.o
 .debug_macro   0x0000000000000abf     0x102d Core/Src/main.o
 .debug_macro   0x0000000000001aec      0x11f Core/Src/main.o
 .debug_macro   0x0000000000001c0b    0x15e3c Core/Src/main.o
 .debug_macro   0x0000000000017a47       0x43 Core/Src/main.o
 .debug_macro   0x0000000000017a8a     0x3659 Core/Src/main.o
 .debug_macro   0x000000000001b0e3      0x174 Core/Src/main.o
 .debug_macro   0x000000000001b257       0x5a Core/Src/main.o
 .debug_macro   0x000000000001b2b1      0x96b Core/Src/main.o
 .debug_macro   0x000000000001bc1c      0x9fe Core/Src/main.o
 .debug_macro   0x000000000001c61a      0x117 Core/Src/main.o
 .debug_macro   0x000000000001c731      0x13e Core/Src/main.o
 .debug_macro   0x000000000001c86f       0x27 Core/Src/main.o
 .debug_macro   0x000000000001c896      0x174 Core/Src/main.o
 .debug_macro   0x000000000001ca0a      0x287 Core/Src/main.o
 .debug_macro   0x000000000001cc91       0x5f Core/Src/main.o
 .debug_macro   0x000000000001ccf0      0x236 Core/Src/main.o
 .debug_macro   0x000000000001cf26      0x12c Core/Src/main.o
 .debug_macro   0x000000000001d052      0x21e Core/Src/main.o
 .debug_macro   0x000000000001d270       0x2e Core/Src/main.o
 .debug_macro   0x000000000001d29e      0x1b5 Core/Src/main.o
 .debug_macro   0x000000000001d453       0xd6 Core/Src/main.o
 .debug_macro   0x000000000001d529      0x11a Core/Src/main.o
 .debug_macro   0x000000000001d643       0x7e Core/Src/main.o
 .debug_macro   0x000000000001d6c1       0x89 Core/Src/main.o
 .debug_macro   0x000000000001d74a      0x287 Core/Src/main.o
 .debug_macro   0x000000000001d9d1      0x21e Core/Src/main.o
 .debug_macro   0x000000000001dbef       0x68 Core/Src/main.o
 .debug_macro   0x000000000001dc57      0x12d Core/Src/main.o
 .debug_macro   0x000000000001dd84      0x1ab Core/Src/main.o
 .debug_macro   0x000000000001df2f      0x1fc Core/Src/stm32f4xx_hal_msp.o
 .debug_macro   0x000000000001e12b      0x206 Core/Src/stm32f4xx_it.o
 .debug_macro   0x000000000001e331       0xff Core/Src/sysmem.o
 .debug_macro   0x000000000001e430      0x23b Core/Src/sysmem.o
 .debug_macro   0x000000000001e66b      0x1f3 Core/Src/system_stm32f4xx.o
 .debug_macro   0x000000000001e85e      0x24d Drivers/STM32F4xx_HAL_Driver/Src/stm32f4xx_hal.o
 .debug_macro   0x000000000001eaab      0x1ed Drivers/STM32F4xx_HAL_Driver/Src/stm32f4xx_hal_cortex.o
 .debug_macro   0x000000000001ec98      0x223 Drivers/STM32F4xx_HAL_Driver/Src/stm32f4xx_hal_gpio.o
 .debug_macro   0x000000000001eebb      0x1ed Drivers/STM32F4xx_HAL_Driver/Src/stm32f4xx_hal_hcd.o
 .debug_macro   0x000000000001f0a8      0x234 Drivers/STM32F4xx_HAL_Driver/Src/stm32f4xx_hal_i2c.o
 .debug_macro   0x000000000001f2dc      0x211 Drivers/STM32F4xx_HAL_Driver/Src/stm32f4xx_hal_rcc.o
 .debug_macro   0x000000000001f4ed      0x1ee Drivers/STM32F4xx_HAL_Driver/Src/stm32f4xx_hal_uart.o
 .debug_macro   0x000000000001f6db      0x1ed Drivers/STM32F4xx_HAL_Driver/Src/stm32f4xx_ll_usb.o
 .debug_macro   0x000000000001f8c8      0x41b Middlewares/ST/STM32_USB_Host_Library/Class/CDC/Src/usbh_cdc.o
 .debug_macro   0x000000000001fce3       0x16 Middlewares/ST/STM32_USB_Host_Library/Class/CDC/Src/usbh_cdc.o
 .debug_macro   0x000000000001fcf9       0x97 Middlewares/ST/STM32_USB_Host_Library/Class/CDC/Src/usbh_cdc.o
 .debug_macro   0x000000000001fd90       0xfd Middlewares/ST/STM32_USB_Host_Library/Class/CDC/Src/usbh_cdc.o
 .debug_macro   0x000000000001fe8d       0x16 Middlewares/ST/STM32_USB_Host_Library/Class/CDC/Src/usbh_cdc.o
 .debug_macro   0x000000000001fea3       0x20 Middlewares/ST/STM32_USB_Host_Library/Class/CDC/Src/usbh_cdc.o
 .debug_macro   0x000000000001fec3       0xd9 Middlewares/ST/STM32_USB_Host_Library/Class/CDC/Src/usbh_cdc.o
 .debug_macro   0x000000000001ff9c       0x54 Middlewares/ST/STM32_USB_Host_Library/Class/CDC/Src/usbh_cdc.o
 .debug_macro   0x000000000001fff0       0x73 Middlewares/ST/STM32_USB_Host_Library/Class/CDC/Src/usbh_cdc.o
 .debug_macro   0x0000000000020063      0x218 Middlewares/ST/STM32_USB_Host_Library/Class/CDC/Src/usbh_cdc.o
 .debug_macro   0x000000000002027b       0x2e Middlewares/ST/STM32_USB_Host_Library/Class/CDC/Src/usbh_cdc.o
 .debug_macro   0x00000000000202a9       0x2e Middlewares/ST/STM32_USB_Host_Library/Class/CDC/Src/usbh_cdc.o
 .debug_macro   0x00000000000202d7       0x28 Middlewares/ST/STM32_USB_Host_Library/Class/CDC/Src/usbh_cdc.o
 .debug_macro   0x00000000000202ff      0x15c Middlewares/ST/STM32_USB_Host_Library/Class/CDC/Src/usbh_cdc.o
 .debug_macro   0x000000000002045b      0x418 Middlewares/ST/STM32_USB_Host_Library/Core/Src/usbh_core.o
 .debug_macro   0x0000000000020873      0x410 Middlewares/ST/STM32_USB_Host_Library/Core/Src/usbh_ctlreq.o
 .debug_macro   0x0000000000020c83       0x28 Middlewares/ST/STM32_USB_Host_Library/Core/Src/usbh_ctlreq.o
 .debug_macro   0x0000000000020cab      0x40a Middlewares/ST/STM32_USB_Host_Library/Core/Src/usbh_ioreq.o
 .debug_macro   0x00000000000210b5      0x40a Middlewares/ST/STM32_USB_Host_Library/Core/Src/usbh_pipes.o
 .debug_macro   0x00000000000214bf      0x419 USB_HOST/App/usb_host.o
 .debug_macro   0x00000000000218d8       0x52 USB_HOST/App/usb_host.o
 .debug_macro   0x000000000002192a      0x333 USB_HOST/App/usb_host.o
 .debug_macro   0x0000000000021c5d      0x1b1 USB_HOST/App/usb_host.o
 .debug_macro   0x0000000000021e0e      0x162 USB_HOST/App/usb_host.o
 .debug_macro   0x0000000000021f70      0x41a USB_HOST/Target/usbh_conf.o
 .debug_macro   0x000000000002238a      0x201 USB_HOST/Target/usbh_platform.o

.debug_line     0x0000000000000000    0x136df
 .debug_line    0x0000000000000000      0xd6b Core/Src/main.o
 .debug_line    0x0000000000000d6b      0x790 Core/Src/stm32f4xx_hal_msp.o
 .debug_line    0x00000000000014fb      0x7ce Core/Src/stm32f4xx_it.o
 .debug_line    0x0000000000001cc9      0x4f8 Core/Src/sysmem.o
 .debug_line    0x00000000000021c1      0x77b Core/Src/system_stm32f4xx.o
 .debug_line    0x000000000000293c       0x85 Core/Startup/startup_stm32f407vgtx.o
 .debug_line    0x00000000000029c1      0x9db Drivers/STM32F4xx_HAL_Driver/Src/stm32f4xx_hal.o
 .debug_line    0x000000000000339c      0xc8a Drivers/STM32F4xx_HAL_Driver/Src/stm32f4xx_hal_cortex.o
 .debug_line    0x0000000000004026      0xb63 Drivers/STM32F4xx_HAL_Driver/Src/stm32f4xx_hal_gpio.o
 .debug_line    0x0000000000004b89     0x1157 Drivers/STM32F4xx_HAL_Driver/Src/stm32f4xx_hal_hcd.o
 .debug_line    0x0000000000005ce0     0x3897 Drivers/STM32F4xx_HAL_Driver/Src/stm32f4xx_hal_i2c.o
 .debug_line    0x0000000000009577      0xd40 Drivers/STM32F4xx_HAL_Driver/Src/stm32f4xx_hal_rcc.o
 .debug_line    0x000000000000a2b7     0x17f3 Drivers/STM32F4xx_HAL_Driver/Src/stm32f4xx_hal_uart.o
 .debug_line    0x000000000000baaa     0x185b Drivers/STM32F4xx_HAL_Driver/Src/stm32f4xx_ll_usb.o
 .debug_line    0x000000000000d305      0xf06 Middlewares/ST/STM32_USB_Host_Library/Class/CDC/Src/usbh_cdc.o
 .debug_line    0x000000000000e20b     0x1164 Middlewares/ST/STM32_USB_Host_Library/Core/Src/usbh_core.o
 .debug_line    0x000000000000f36f      0xf18 Middlewares/ST/STM32_USB_Host_Library/Core/Src/usbh_ctlreq.o
 .debug_line    0x0000000000010287      0xae2 Middlewares/ST/STM32_USB_Host_Library/Core/Src/usbh_ioreq.o
 .debug_line    0x0000000000010d69      0xa8c Middlewares/ST/STM32_USB_Host_Library/Core/Src/usbh_pipes.o
 .debug_line    0x00000000000117f5      0xa76 USB_HOST/App/usb_host.o
 .debug_line    0x000000000001226b      0xd4e USB_HOST/Target/usbh_conf.o
 .debug_line    0x0000000000012fb9      0x726 USB_HOST/Target/usbh_platform.o

.debug_str      0x0000000000000000    0xc9a8e
 .debug_str     0x0000000000000000    0xbf469 Core/Src/main.o
                                      0xbf794 (size before relaxing)
 .debug_str     0x00000000000bf469       0x7d Core/Src/stm32f4xx_hal_msp.o
                                      0xbf41b (size before relaxing)
 .debug_str     0x00000000000bf4e6      0x43d Core/Src/stm32f4xx_it.o
                                      0xbf097 (size before relaxing)
 .debug_str     0x00000000000bf923     0x2213 Core/Src/sysmem.o
                                       0x6288 (size before relaxing)
 .debug_str     0x00000000000c1b36       0xc4 Core/Src/system_stm32f4xx.o
                                      0xbe6ba (size before relaxing)
 .debug_str     0x00000000000c1bfa       0x36 Core/Startup/startup_stm32f407vgtx.o
                                         0x59 (size before relaxing)
 .debug_str     0x00000000000c1c30      0xa5e Drivers/STM32F4xx_HAL_Driver/Src/stm32f4xx_hal.o
                                      0xbf187 (size before relaxing)
 .debug_str     0x00000000000c268e      0x38c Drivers/STM32F4xx_HAL_Driver/Src/stm32f4xx_hal_cortex.o
                                      0xbef76 (size before relaxing)
 .debug_str     0x00000000000c2a1a      0x1fe Drivers/STM32F4xx_HAL_Driver/Src/stm32f4xx_hal_gpio.o
                                      0xbe8f9 (size before relaxing)
 .debug_str     0x00000000000c2c18      0x3da Drivers/STM32F4xx_HAL_Driver/Src/stm32f4xx_hal_hcd.o
                                      0xbed2c (size before relaxing)
 .debug_str     0x00000000000c2ff2      0xaa6 Drivers/STM32F4xx_HAL_Driver/Src/stm32f4xx_hal_i2c.o
                                      0xbf627 (size before relaxing)
 .debug_str     0x00000000000c3a98      0x24e Drivers/STM32F4xx_HAL_Driver/Src/stm32f4xx_hal_rcc.o
                                      0xbeaa7 (size before relaxing)
 .debug_str     0x00000000000c3ce6      0x50d Drivers/STM32F4xx_HAL_Driver/Src/stm32f4xx_hal_uart.o
                                      0xbef06 (size before relaxing)
 .debug_str     0x00000000000c41f3      0x62b Drivers/STM32F4xx_HAL_Driver/Src/stm32f4xx_ll_usb.o
                                      0xbef8e (size before relaxing)
 .debug_str     0x00000000000c481e     0x49d3 Middlewares/ST/STM32_USB_Host_Library/Class/CDC/Src/usbh_cdc.o
                                      0xc543f (size before relaxing)
 .debug_str     0x00000000000c91f1      0x266 Middlewares/ST/STM32_USB_Host_Library/Core/Src/usbh_core.o
                                      0xc4945 (size before relaxing)
 .debug_str     0x00000000000c9457      0x222 Middlewares/ST/STM32_USB_Host_Library/Core/Src/usbh_ctlreq.o
                                      0xc4969 (size before relaxing)
 .debug_str     0x00000000000c9679       0xfe Middlewares/ST/STM32_USB_Host_Library/Core/Src/usbh_ioreq.o
                                      0xc47e4 (size before relaxing)
 .debug_str     0x00000000000c9777       0x97 Middlewares/ST/STM32_USB_Host_Library/Core/Src/usbh_pipes.o
                                      0xc4769 (size before relaxing)
 .debug_str     0x00000000000c980e       0xc7 USB_HOST/App/usb_host.o
                                      0xc4e56 (size before relaxing)
 .debug_str     0x00000000000c98d5      0x186 USB_HOST/Target/usbh_conf.o
                                      0xc549a (size before relaxing)
 .debug_str     0x00000000000c9a5b       0x33 USB_HOST/Target/usbh_platform.o
                                      0xbe5ce (size before relaxing)

.comment        0x0000000000000000       0x53
 .comment       0x0000000000000000       0x53 Core/Src/main.o
                                         0x54 (size before relaxing)
 .comment       0x0000000000000053       0x54 Core/Src/stm32f4xx_hal_msp.o
 .comment       0x0000000000000053       0x54 Core/Src/stm32f4xx_it.o
 .comment       0x0000000000000053       0x54 Core/Src/sysmem.o
 .comment       0x0000000000000053       0x54 Core/Src/system_stm32f4xx.o
 .comment       0x0000000000000053       0x54 Drivers/STM32F4xx_HAL_Driver/Src/stm32f4xx_hal.o
 .comment       0x0000000000000053       0x54 Drivers/STM32F4xx_HAL_Driver/Src/stm32f4xx_hal_cortex.o
 .comment       0x0000000000000053       0x54 Drivers/STM32F4xx_HAL_Driver/Src/stm32f4xx_hal_gpio.o
 .comment       0x0000000000000053       0x54 Drivers/STM32F4xx_HAL_Driver/Src/stm32f4xx_hal_hcd.o
 .comment       0x0000000000000053       0x54 Drivers/STM32F4xx_HAL_Driver/Src/stm32f4xx_hal_i2c.o
 .comment       0x0000000000000053       0x54 Drivers/STM32F4xx_HAL_Driver/Src/stm32f4xx_hal_rcc.o
 .comment       0x0000000000000053       0x54 Drivers/STM32F4xx_HAL_Driver/Src/stm32f4xx_hal_uart.o
 .comment       0x0000000000000053       0x54 Drivers/STM32F4xx_HAL_Driver/Src/stm32f4xx_ll_usb.o
 .comment       0x0000000000000053       0x54 Middlewares/ST/STM32_USB_Host_Library/Class/CDC/Src/usbh_cdc.o
 .comment       0x0000000000000053       0x54 Middlewares/ST/STM32_USB_Host_Library/Core/Src/usbh_core.o
 .comment       0x0000000000000053       0x54 Middlewares/ST/STM32_USB_Host_Library/Core/Src/usbh_ctlreq.o
 .comment       0x0000000000000053       0x54 Middlewares/ST/STM32_USB_Host_Library/Core/Src/usbh_ioreq.o
 .comment       0x0000000000000053       0x54 Middlewares/ST/STM32_USB_Host_Library/Core/Src/usbh_pipes.o
 .comment       0x0000000000000053       0x54 USB_HOST/App/usb_host.o
 .comment       0x0000000000000053       0x54 USB_HOST/Target/usbh_conf.o
 .comment       0x0000000000000053       0x54 USB_HOST/Target/usbh_platform.o

.debug_frame    0x0000000000000000     0x4254
 .debug_frame   0x0000000000000000      0x27c Core/Src/main.o
 .debug_frame   0x000000000000027c       0xc4 Core/Src/stm32f4xx_hal_msp.o
 .debug_frame   0x0000000000000340      0x120 Core/Src/stm32f4xx_it.o
 .debug_frame   0x0000000000000460       0x34 Core/Src/sysmem.o
 .debug_frame   0x0000000000000494       0x58 Core/Src/system_stm32f4xx.o
 .debug_frame   0x00000000000004ec      0x374 Drivers/STM32F4xx_HAL_Driver/Src/stm32f4xx_hal.o
 .debug_frame   0x0000000000000860      0x498 Drivers/STM32F4xx_HAL_Driver/Src/stm32f4xx_hal_cortex.o
 .debug_frame   0x0000000000000cf8      0x14c Drivers/STM32F4xx_HAL_Driver/Src/stm32f4xx_hal_gpio.o
 .debug_frame   0x0000000000000e44      0x44c Drivers/STM32F4xx_HAL_Driver/Src/stm32f4xx_hal_hcd.o
 .debug_frame   0x0000000000001290      0xc5c Drivers/STM32F4xx_HAL_Driver/Src/stm32f4xx_hal_i2c.o
 .debug_frame   0x0000000000001eec      0x1f0 Drivers/STM32F4xx_HAL_Driver/Src/stm32f4xx_hal_rcc.o
 .debug_frame   0x00000000000020dc      0x844 Drivers/STM32F4xx_HAL_Driver/Src/stm32f4xx_hal_uart.o
 .debug_frame   0x0000000000002920      0x798 Drivers/STM32F4xx_HAL_Driver/Src/stm32f4xx_ll_usb.o
 .debug_frame   0x00000000000030b8      0x2c0 Middlewares/ST/STM32_USB_Host_Library/Class/CDC/Src/usbh_cdc.o
 .debug_frame   0x0000000000003378      0x338 Middlewares/ST/STM32_USB_Host_Library/Core/Src/usbh_core.o
 .debug_frame   0x00000000000036b0      0x28c Middlewares/ST/STM32_USB_Host_Library/Core/Src/usbh_ctlreq.o
 .debug_frame   0x000000000000393c      0x154 Middlewares/ST/STM32_USB_Host_Library/Core/Src/usbh_ioreq.o
 .debug_frame   0x0000000000003a90       0xcc Middlewares/ST/STM32_USB_Host_Library/Core/Src/usbh_pipes.o
 .debug_frame   0x0000000000003b5c       0x70 USB_HOST/App/usb_host.o
 .debug_frame   0x0000000000003bcc      0x388 USB_HOST/Target/usbh_conf.o
 .debug_frame   0x0000000000003f54       0x34 USB_HOST/Target/usbh_platform.o
 .debug_frame   0x0000000000003f88       0x20 c:/st/stm32cubeide_1.5.1/stm32cubeide/plugins/com.st.stm32cube.ide.mcu.externaltools.gnu-tools-for-stm32.9-2020-q2-update.win32_1.5.0.202011040924/tools/bin/../lib/gcc/arm-none-eabi/9.3.1/../../../../arm-none-eabi/lib/thumb/v7e-m+fp/hard\libc_nano.a(lib_a-errno.o)
 .debug_frame   0x0000000000003fa8       0x2c c:/st/stm32cubeide_1.5.1/stm32cubeide/plugins/com.st.stm32cube.ide.mcu.externaltools.gnu-tools-for-stm32.9-2020-q2-update.win32_1.5.0.202011040924/tools/bin/../lib/gcc/arm-none-eabi/9.3.1/../../../../arm-none-eabi/lib/thumb/v7e-m+fp/hard\libc_nano.a(lib_a-init.o)
 .debug_frame   0x0000000000003fd4       0x30 c:/st/stm32cubeide_1.5.1/stm32cubeide/plugins/com.st.stm32cube.ide.mcu.externaltools.gnu-tools-for-stm32.9-2020-q2-update.win32_1.5.0.202011040924/tools/bin/../lib/gcc/arm-none-eabi/9.3.1/../../../../arm-none-eabi/lib/thumb/v7e-m+fp/hard\libc_nano.a(lib_a-malloc.o)