main.c:99:5:main	112	static
main.c:195:6:SystemClock_Config	88	static
main.c:239:13:MX_USART2_UART_Init	8	static
main.c:272:13:MX_GPIO_Init	56	static
main.c:451:6:fvdAccum_AsciiNum	24	static
main.c:487:6:fvdCR_received	192	static
main.c:572:6:fvdBS_received	24	static
main.c:595:6:fvdDEL_received	24	static
main.c:619:6:fvdInvalid_Char	16	static
main.c:683:6:fvdDecodingThread	112	static
main.c:766:6:fvdCharGenThread	40	static
main.c:813:6:HAL_TIM_PeriodElapsedCallback	16	static
main.c:830:6:Error_Handler	4	static,ignoring_inline_asm
