main.c:115:5:main	112	static
main.c:211:6:SystemClock_Config	88	static
main.c:255:13:MX_USART2_UART_Init	8	static
main.c:288:13:MX_GPIO_Init	56	static
main.c:467:6:fvdAccum_AsciiNum	24	static
main.c:503:6:fvdCR_received	192	static
main.c:588:6:fvdBS_received	24	static
main.c:611:6:fvdDEL_received	24	static
main.c:635:6:fvdInvalid_Char	16	static
main.c:699:6:fvdDecodingThread	112	static
main.c:771:6:DummyThread1	16	static
main.c:784:6:DummyThread2	16	static
main.c:808:6:fvdCharGenThread	40	static
main.c:855:6:HAL_TIM_PeriodElapsedCallback	16	static
main.c:872:6:Error_Handler	4	static,ignoring_inline_asm
